Archive member included to satisfy reference by file (symbol)

/usr/local/avr8-gnu-toolchain/bin/../lib/gcc/avr/7.3.0/avr51/libgcc.a(_divmodhi4.o)
                              main.o (__divmodhi4)
/usr/local/avr8-gnu-toolchain/bin/../lib/gcc/avr/7.3.0/avr51/libgcc.a(_exit.o)
                              /usr/local/avr8-gnu-toolchain/bin/../lib/gcc/avr/7.3.0/../../../../avr/lib/avr51/crtatmega1284p.o (exit)
/usr/local/avr8-gnu-toolchain/bin/../lib/gcc/avr/7.3.0/avr51/libgcc.a(_tablejump2.o)
                              main.o (__tablejump2__)
/usr/local/avr8-gnu-toolchain/bin/../lib/gcc/avr/7.3.0/avr51/libgcc.a(_copy_data.o)
                              main.o (__do_copy_data)
/usr/local/avr8-gnu-toolchain/bin/../lib/gcc/avr/7.3.0/avr51/libgcc.a(_clear_bss.o)
                              main.o (__do_clear_bss)
/usr/local/avr8-gnu-toolchain/bin/../lib/gcc/avr/7.3.0/avr51/libgcc.a(_udivmodhi4.o)
                              /usr/local/avr8-gnu-toolchain/bin/../lib/gcc/avr/7.3.0/avr51/libgcc.a(_divmodhi4.o) (__udivmodhi4)
/usr/local/avr8-gnu-toolchain/bin/../lib/gcc/avr/7.3.0/../../../../avr/lib/avr51/libc.a(strtol.o)
                              main.o (strtol)
/usr/local/avr8-gnu-toolchain/bin/../lib/gcc/avr/7.3.0/../../../../avr/lib/avr51/libc.a(strtoul.o)
                              main.o (strtoul)
/usr/local/avr8-gnu-toolchain/bin/../lib/gcc/avr/7.3.0/../../../../avr/lib/avr51/libc.a(isspace.o)
                              interpretacjaSMS.o (isspace)
/usr/local/avr8-gnu-toolchain/bin/../lib/gcc/avr/7.3.0/../../../../avr/lib/avr51/libc.a(toupper.o)
                              interpretacjaSMS.o (toupper)
/usr/local/avr8-gnu-toolchain/bin/../lib/gcc/avr/7.3.0/../../../../avr/lib/avr51/libc.a(memcmp_P.o)
                              interpretacjaSMS.o (memcmp_P)
/usr/local/avr8-gnu-toolchain/bin/../lib/gcc/avr/7.3.0/../../../../avr/lib/avr51/libc.a(memcpy_P.o)
                              main.o (memcpy_P)
/usr/local/avr8-gnu-toolchain/bin/../lib/gcc/avr/7.3.0/../../../../avr/lib/avr51/libc.a(strcpy_P.o)
                              main.o (strcpy_P)
/usr/local/avr8-gnu-toolchain/bin/../lib/gcc/avr/7.3.0/../../../../avr/lib/avr51/libc.a(strncasecmp_P.o)
                              interpretacjaSMS.o (strncasecmp_P)
/usr/local/avr8-gnu-toolchain/bin/../lib/gcc/avr/7.3.0/../../../../avr/lib/avr51/libc.a(strncmp_P.o)
                              main.o (strncmp_P)
/usr/local/avr8-gnu-toolchain/bin/../lib/gcc/avr/7.3.0/../../../../avr/lib/avr51/libc.a(strstr_P.o)
                              main.o (strstr_P)
/usr/local/avr8-gnu-toolchain/bin/../lib/gcc/avr/7.3.0/../../../../avr/lib/avr51/libc.a(memcmp.o)
                              main.o (memcmp)
/usr/local/avr8-gnu-toolchain/bin/../lib/gcc/avr/7.3.0/../../../../avr/lib/avr51/libc.a(memcpy.o)
                              main.o (memcpy)
/usr/local/avr8-gnu-toolchain/bin/../lib/gcc/avr/7.3.0/../../../../avr/lib/avr51/libc.a(memset.o)
                              main.o (memset)
/usr/local/avr8-gnu-toolchain/bin/../lib/gcc/avr/7.3.0/../../../../avr/lib/avr51/libc.a(strcat.o)
                              main.o (strcat)
/usr/local/avr8-gnu-toolchain/bin/../lib/gcc/avr/7.3.0/../../../../avr/lib/avr51/libc.a(strchr.o)
                              main.o (strchr)
/usr/local/avr8-gnu-toolchain/bin/../lib/gcc/avr/7.3.0/../../../../avr/lib/avr51/libc.a(strcpy.o)
                              main.o (strcpy)
/usr/local/avr8-gnu-toolchain/bin/../lib/gcc/avr/7.3.0/../../../../avr/lib/avr51/libc.a(utoa_ncheck.o)
                              main.o (__utoa_ncheck)
/usr/local/avr8-gnu-toolchain/bin/../lib/gcc/avr/7.3.0/../../../../avr/lib/avr51/libc.a(sprintf.o)
                              main.o (sprintf)
/usr/local/avr8-gnu-toolchain/bin/../lib/gcc/avr/7.3.0/../../../../avr/lib/avr51/libc.a(vfprintf_std.o)
                              /usr/local/avr8-gnu-toolchain/bin/../lib/gcc/avr/7.3.0/../../../../avr/lib/avr51/libc.a(sprintf.o) (vfprintf)
/usr/local/avr8-gnu-toolchain/bin/../lib/gcc/avr/7.3.0/../../../../avr/lib/avr51/libc.a(errno.o)
                              /usr/local/avr8-gnu-toolchain/bin/../lib/gcc/avr/7.3.0/../../../../avr/lib/avr51/libc.a(strtol.o) (errno)
/usr/local/avr8-gnu-toolchain/bin/../lib/gcc/avr/7.3.0/../../../../avr/lib/avr51/libc.a(cty_isfalse.o)
                              /usr/local/avr8-gnu-toolchain/bin/../lib/gcc/avr/7.3.0/../../../../avr/lib/avr51/libc.a(isspace.o) (__ctype_isfalse)
/usr/local/avr8-gnu-toolchain/bin/../lib/gcc/avr/7.3.0/../../../../avr/lib/avr51/libc.a(strnlen_P.o)
                              /usr/local/avr8-gnu-toolchain/bin/../lib/gcc/avr/7.3.0/../../../../avr/lib/avr51/libc.a(vfprintf_std.o) (strnlen_P)
/usr/local/avr8-gnu-toolchain/bin/../lib/gcc/avr/7.3.0/../../../../avr/lib/avr51/libc.a(strnlen.o)
                              /usr/local/avr8-gnu-toolchain/bin/../lib/gcc/avr/7.3.0/../../../../avr/lib/avr51/libc.a(vfprintf_std.o) (strnlen)
[...]
Memory Configuration

Name             Origin             Length             Attributes
text             0x0000000000000000 0x0000000000020000 xr
data             0x0000000000800100 0x0000000000004000 rw !x
eeprom           0x0000000000810000 0x0000000000001000 rw !x
fuse             0x0000000000820000 0x0000000000000003 rw !x
lock             0x0000000000830000 0x0000000000000400 rw !x
signature        0x0000000000840000 0x0000000000000400 rw !x
user_signatures  0x0000000000850000 0x0000000000000400 rw !x
*default*        0x0000000000000000 0xffffffffffffffff

Linker script and memory map

Address of section .data set to 0x800100
LOAD /usr/local/avr8-gnu-toolchain/bin/../lib/gcc/avr/7.3.0/../../../../avr/lib/avr51/crtatmega1284p.o
LOAD main.o
LOAD wewy.o
LOAD sim900.o
LOAD poleceniagsm.o
LOAD pamiec_ram.o
LOAD interpretacjaSMS.o
LOAD komendy.o
LOAD konfiguracja.o
LOAD zapiseeprom.o
LOAD pdu.o
LOAD /usr/local/avr8-gnu-toolchain/bin/../lib/gcc/avr/7.3.0/../../../../avr/lib/avr51/libm.a
START GROUP
LOAD /usr/local/avr8-gnu-toolchain/bin/../lib/gcc/avr/7.3.0/avr51/libgcc.a
LOAD /usr/local/avr8-gnu-toolchain/bin/../lib/gcc/avr/7.3.0/../../../../avr/lib/avr51/libm.a
LOAD /usr/local/avr8-gnu-toolchain/bin/../lib/gcc/avr/7.3.0/../../../../avr/lib/avr51/libc.a
LOAD /usr/local/avr8-gnu-toolchain/bin/../lib/gcc/avr/7.3.0/../../../../avr/lib/avr51/libatmega1284p.a
END GROUP
                0x0000000000000000                __TEXT_REGION_ORIGIN__ = DEFINED (__TEXT_REGION_ORIGIN__)?__TEXT_REGION_ORIGIN__:0x0
                [0x0000000000800100]                __DATA_REGION_ORIGIN__ = DEFINED (__DATA_REGION_ORIGIN__)?__DATA_REGION_ORIGIN__:0x800100
                [0x0000000000020000]                __TEXT_REGION_LENGTH__ = DEFINED (__TEXT_REGION_LENGTH__)?__TEXT_REGION_LENGTH__:0x20000
                [0x0000000000004000]                __DATA_REGION_LENGTH__ = DEFINED (__DATA_REGION_LENGTH__)?__DATA_REGION_LENGTH__:0xff00
                [0x0000000000001000]                __EEPROM_REGION_LENGTH__ = DEFINED (__EEPROM_REGION_LENGTH__)?__EEPROM_REGION_LENGTH__:0x10000
                [0x0000000000000003]                __FUSE_REGION_LENGTH__ = DEFINED (__FUSE_REGION_LENGTH__)?__FUSE_REGION_LENGTH__:0x400
                0x0000000000000400                __LOCK_REGION_LENGTH__ = DEFINED (__LOCK_REGION_LENGTH__)?__LOCK_REGION_LENGTH__:0x400
                0x0000000000000400                __SIGNATURE_REGION_LENGTH__ = DEFINED (__SIGNATURE_REGION_LENGTH__)?__SIGNATURE_REGION_LENGTH__:0x400
                0x0000000000000400                __USER_SIGNATURE_REGION_LENGTH__ = DEFINED (__USER_SIGNATURE_REGION_LENGTH__)?__USER_SIGNATURE_REGION_LENGTH__:0x400

.hash
 *(.hash)

.dynsym
 *(.dynsym)

.dynstr
 *(.dynstr)

.gnu.version
 *(.gnu.version)

.gnu.version_d
 *(.gnu.version_d)

.gnu.version_r
 *(.gnu.version_r)

.rel.init
 *(.rel.init)

.rela.init
 *(.rela.init)

.rel.text
 *(.rel.text)
 *(.rel.text.*)
 *(.rel.gnu.linkonce.t*)

.rela.text
 *(.rela.text)
 *(.rela.text.*)
 *(.rela.gnu.linkonce.t*)

.rel.fini
 *(.rel.fini)

.rela.fini
 *(.rela.fini)

.rel.rodata
 *(.rel.rodata)
 *(.rel.rodata.*)
 *(.rel.gnu.linkonce.r*)

.rela.rodata
 *(.rela.rodata)
 *(.rela.rodata.*)
 *(.rela.gnu.linkonce.r*)

.rel.data
 *(.rel.data)
 *(.rel.data.*)
 *(.rel.gnu.linkonce.d*)

.rela.data
 *(.rela.data)
 *(.rela.data.*)
 *(.rela.gnu.linkonce.d*)

.rel.ctors
 *(.rel.ctors)

.rela.ctors
 *(.rela.ctors)

.rel.dtors
 *(.rel.dtors)

.rela.dtors
 *(.rela.dtors)

.rel.got
 *(.rel.got)

.rela.got
 *(.rela.got)

.rel.bss
 *(.rel.bss)

.rela.bss
 *(.rela.bss)

.rel.plt
 *(.rel.plt)

.rela.plt
 *(.rela.plt)

.text           0x0000000000000000     0x63b0
 *(.vectors)
 .vectors       0x0000000000000000       0x8c /usr/local/avr8-gnu-toolchain/bin/../lib/gcc/avr/7.3.0/../../../../avr/lib/avr51/crtatmega1284p.o
                0x0000000000000000                __vectors
                0x0000000000000000                __vector_default
 *(.vectors)
 *(.progmem.gcc*)
                0x000000000000008c                . = ALIGN (0x2)
                0x000000000000008c                __trampolines_start = .
 *(.trampolines)
 .trampolines   0x000000000000008c        0x0 linker stubs
 *(.trampolines*)
                0x000000000000008c                __trampolines_end = .
 *libprintf_flt.a:*(.progmem.data)
 *libc.a:*(.progmem.data)
 *(.progmem*)
 .progmem.data  0x000000000000008c      0x287 main.o
 .progmem.data  0x0000000000000313       0x72 poleceniagsm.o
 .progmem.data  0x0000000000000385       0x97 interpretacjaSMS.o
 .progmem.data  0x000000000000041c       0x10 konfiguracja.o
 .progmem.data  0x000000000000042c      0x191 pdu.o
                0x00000000000005be                . = ALIGN (0x2)
 *fill*         0x00000000000005bd        0x1 
 *(.jumptables)
 *(.jumptables*)
 *(.lowtext)
 *(.lowtext*)
                0x00000000000005be                __ctors_start = .
 *(.ctors)
                0x00000000000005be                __ctors_end = .
                0x00000000000005be                __dtors_start = .
 *(.dtors)
                0x00000000000005be                __dtors_end = .
 SORT(*)(.ctors)
 SORT(*)(.dtors)
 *(.init0)
 .init0         0x00000000000005be        0x0 /usr/local/avr8-gnu-toolchain/bin/../lib/gcc/avr/7.3.0/../../../../avr/lib/avr51/crtatmega1284p.o
                0x00000000000005be                __init
 *(.init0)
 *(.init1)
 *(.init1)
 *(.init2)
 .init2         0x00000000000005be        0xc /usr/local/avr8-gnu-toolchain/bin/../lib/gcc/avr/7.3.0/../../../../avr/lib/avr51/crtatmega1284p.o
 *(.init2)
 *(.init3)
 *(.init3)
 *(.init4)
 .init4         0x00000000000005ca       0x1a /usr/local/avr8-gnu-toolchain/bin/../lib/gcc/avr/7.3.0/avr51/libgcc.a(_copy_data.o)
                0x00000000000005ca                __do_copy_data
 .init4         0x00000000000005e4       0x10 /usr/local/avr8-gnu-toolchain/bin/../lib/gcc/avr/7.3.0/avr51/libgcc.a(_clear_bss.o)
                0x00000000000005e4                __do_clear_bss
 *(.init4)
 *(.init5)
 *(.init5)
 *(.init6)
 *(.init6)
 *(.init7)
 *(.init7)
 *(.init8)
 *(.init8)
 *(.init9)
 .init9         0x00000000000005f4        0x8 /usr/local/avr8-gnu-toolchain/bin/../lib/gcc/avr/7.3.0/../../../../avr/lib/avr51/crtatmega1284p.o
 *(.init9)
 *(.text)
 .text          0x00000000000005fc        0x4 /usr/local/avr8-gnu-toolchain/bin/../lib/gcc/avr/7.3.0/../../../../avr/lib/avr51/crtatmega1284p.o
                0x00000000000005fc                __vector_18
                0x00000000000005fc                __vector_1
                0x00000000000005fc                __vector_32
                0x00000000000005fc                __vector_34
                0x00000000000005fc                __vector_24
                0x00000000000005fc                __vector_12
                0x00000000000005fc                __bad_interrupt
                0x00000000000005fc                __vector_6
                0x00000000000005fc                __vector_31
                0x00000000000005fc                __vector_3
                0x00000000000005fc                __vector_23
                0x00000000000005fc                __vector_30
                0x00000000000005fc                __vector_25
                0x00000000000005fc                __vector_11
                0x00000000000005fc                __vector_13
                0x00000000000005fc                __vector_17
                0x00000000000005fc                __vector_19
                0x00000000000005fc                __vector_7
                0x00000000000005fc                __vector_27
                0x00000000000005fc                __vector_5
                0x00000000000005fc                __vector_33
                0x00000000000005fc                __vector_4
                0x00000000000005fc                __vector_9
                0x00000000000005fc                __vector_2
                0x00000000000005fc                __vector_21
                0x00000000000005fc                __vector_15
                0x00000000000005fc                __vector_29
                0x00000000000005fc                __vector_8
                0x00000000000005fc                __vector_26
                0x00000000000005fc                __vector_14
                0x00000000000005fc                __vector_10
                0x00000000000005fc                __vector_28
 .text          0x0000000000000600     0x3284 main.o
                0x000000000000075c                test_dioda_wyjscia
                0x000000000000078a                test_wejscie
                0x000000000000079a                __vector_16
                0x000000000000089c                generuj_raport_sieci
                0x0000000000000964                generuj_raport_uzytkownikow_1
                0x0000000000000a16                generuj_raport_uzytkownikow
                0x0000000000000ab8                generuj_raport_stanu_urzadzenia
                0x0000000000000c9e                ustaw_wyjscie_clip
                0x0000000000000cbe                wykonanie_polecenia_sms
                0x000000000000123a                steruj_wejsciem_reset_100ms
                0x0000000000001282                sprawdz_przychodzaca_rozmowe
                0x0000000000001316                zakonczono_rozmowe_telefoniczna
                0x0000000000001332                zakonczono_wysylanie_smsa
                0x000000000000133e                problem_z_wyslaniem_powiadomienia
                0x0000000000001366                wyzerowanie_danych_SIM900
                0x0000000000001394                reset_modulu_SIM900
                0x00000000000013ee                obsluga_wysylania_sms
                0x00000000000014f8                odpowiedz_na_polecenie
                0x0000000000001b74                obsluga_komendy_SIM900
                0x0000000000001e1a                wyslanie_polecenia_ROM
                0x0000000000001e42                wyslij_sms
                0x0000000000001f3c                wykonanie_komend_SIM900
                0x00000000000027ea                steruj_SIM900_100MS
                0x00000000000029c2                steruj_SIM900_10MS
                0x0000000000002b82                wykonanie_komend_powiadomien
                0x0000000000002cee                test_sms_clip_100ms
                0x0000000000002cf0                steruj_wejscia_wyjscia_100ms
                0x0000000000002cfc                zapis_w_eeprom_stanu_wyjsc
                0x0000000000002d78                steruj_urzadzeniem_100MS
                0x0000000000002fa4                steruj_urzadzeniem_10MS
                0x0000000000002fb0                wolne_zdarzenie_timer
                0x000000000000308e                ustaw_parametry_dla_bezpieczenstwa
                0x00000000000030ae                inicjalizuj_parametry_modulu
                0x000000000000330a                wykonanie_komend_ukladow
                0x000000000000386c                wykonanie_komend
 .text          0x0000000000003884      0x20a wewy.o
                0x0000000000003884                aktualny_stan_logiczny_na_wejsciu
                0x0000000000003898                aktualizuj_stan_wyzwolenia_wejsc_100ms
                0x00000000000039d6                steruj_wejscia_10ms
                0x00000000000039ea                steruj_wyjscia_100ms
                0x0000000000003a48                kopiuj_parametry_we_wy_z_eeprom
                0x0000000000003a72                inicjalizuj_parametry_we_wy
 .text          0x0000000000003a8e      0x420 sim900.o
                0x0000000000003a8e                wyslij_znaki_SIM900
                0x0000000000003ac0                wyslij_polecenie_ROM_SIM900
                0x0000000000003af8                wyslij_polecenie_RAM_SIM900
                0x0000000000003b22                __vector_22
                0x0000000000003baa                __vector_20
                0x0000000000003dec                inicjalizacja_SIM900
                0x0000000000003e10                zakonczenie_procedury_inicjalizacyjnej
                0x0000000000003e36                procedura_inicjalizacyjna_SIM900_100MS
 .text          0x0000000000003eae      0x476 poleceniagsm.o
                0x0000000000003eae                porownaj_znaki
                0x0000000000003eda                resetuj_polecenie_konczace
                0x0000000000003ef2                polecenia_konczace_gsm
                0x00000000000042e0                czy_jest_nowa_komenda_SIM900
 .text          0x0000000000004324        0x0 pamiec_ram.o
 .text          0x0000000000004324      0x948 interpretacjaSMS.o
                0x0000000000004324                sprawdz_kod
                0x000000000000438e                sprawdz_reset_ustawien
                0x00000000000043a6                interpretuj_instrukcje_sms
                0x000000000000445a                pobierz_long
                0x00000000000044a0                pomin_znak
                0x00000000000044fc                czy_jest_znak
                0x0000000000004566                pobierz_wyraz
                0x00000000000045e6                pobierz_numer_telefonu
                0x0000000000004680                interpretuj_wiadomosc_sms
 .text          0x0000000000004c6c       0xb0 komendy.o
                0x0000000000004c6c                dodaj_komende
                0x0000000000004c90                filtruj_i_dodaj_komende
                0x0000000000004cb8                filtruj_komendy_z_przedzialu
                0x0000000000004ce8                usun_komende
                0x0000000000004cfe                czy_sa_komendy_z_przedzialu
 .text          0x0000000000004d1c      0x280 konfiguracja.o
                0x0000000000004d1c                konwersja_znaku_telefonu
                0x0000000000004d42                konwertuj_telefon_na_blok_eeprom
                0x0000000000004dc8                konwersja_znaku_telefonu_eeprom
                0x0000000000004dd4                konwertuj_blok_eeprom_na_telefon
                0x0000000000004ea4                kopiuj_blok_eeprom_na_telefon
                0x0000000000004eec                porownaj_numer_telefonu_blok
                0x0000000000004f4a                porownaj_numer_telefonu
 .text          0x0000000000004f9c      0x1c6 zapiseeprom.o
                0x0000000000004fc8                zapisz_bajt_w_EEPROM
                0x0000000000005090                zapisz_znaki_w_eeprom
                0x00000000000050de                zapisz_znaki_w_eeprom_bez_kopiowania
                0x00000000000050e6                zapisz_znak_w_eeprom
                0x0000000000005114                eeprom_read_3char
 .text          0x0000000000005162      0x49a pdu.o
                0x0000000000005162                pdu_to_ascii
                0x000000000000520a                ascii_to_pdu_blok
                0x00000000000052fe                konwertuj_blok_dwa_znaki_na_znak_pdu
                0x0000000000005338                pobierz_numer_telefonu_nadawcy_z_PDU
                0x00000000000053e6                pobierz_date_z_PDU
                0x000000000000542c                pobierz_czas_z_PDU
                0x0000000000005472                wpisz_telefon_w_formacie_sms
                0x00000000000054f0                wpisz_centrum_sms_w_formacie_sms
                0x0000000000005574                zapisz_naglowek_pdu
                0x00000000000055ac                konwertuj_pdu_na_blok_wysylany
 .text          0x00000000000055fc        0x0 /usr/local/avr8-gnu-toolchain/bin/../lib/gcc/avr/7.3.0/avr51/libgcc.a(_divmodhi4.o)
 .text          0x00000000000055fc        0x0 /usr/local/avr8-gnu-toolchain/bin/../lib/gcc/avr/7.3.0/avr51/libgcc.a(_exit.o)
 .text          0x00000000000055fc        0x0 /usr/local/avr8-gnu-toolchain/bin/../lib/gcc/avr/7.3.0/avr51/libgcc.a(_tablejump2.o)
 .text          0x00000000000055fc        0x0 /usr/local/avr8-gnu-toolchain/bin/../lib/gcc/avr/7.3.0/avr51/libgcc.a(_copy_data.o)
 .text          0x00000000000055fc        0x0 /usr/local/avr8-gnu-toolchain/bin/../lib/gcc/avr/7.3.0/avr51/libgcc.a(_clear_bss.o)
 .text          0x00000000000055fc        0x0 /usr/local/avr8-gnu-toolchain/bin/../lib/gcc/avr/7.3.0/avr51/libgcc.a(_udivmodhi4.o)
 .text          0x00000000000055fc        0x0 /usr/local/avr8-gnu-toolchain/bin/../lib/gcc/avr/7.3.0/../../../../avr/lib/avr51/libc.a(strtol.o)
 .text          0x00000000000055fc        0x0 /usr/local/avr8-gnu-toolchain/bin/../lib/gcc/avr/7.3.0/../../../../avr/lib/avr51/libc.a(strtoul.o)
 .text          0x00000000000055fc        0x0 /usr/local/avr8-gnu-toolchain/bin/../lib/gcc/avr/7.3.0/../../../../avr/lib/avr51/libc.a(isspace.o)
 .text          0x00000000000055fc        0x0 /usr/local/avr8-gnu-toolchain/bin/../lib/gcc/avr/7.3.0/../../../../avr/lib/avr51/libc.a(toupper.o)
 .text          0x00000000000055fc        0x0 /usr/local/avr8-gnu-toolchain/bin/../lib/gcc/avr/7.3.0/../../../../avr/lib/avr51/libc.a(memcmp_P.o)
 .text          0x00000000000055fc        0x0 /usr/local/avr8-gnu-toolchain/bin/../lib/gcc/avr/7.3.0/../../../../avr/lib/avr51/libc.a(memcpy_P.o)
 .text          0x00000000000055fc        0x0 /usr/local/avr8-gnu-toolchain/bin/../lib/gcc/avr/7.3.0/../../../../avr/lib/avr51/libc.a(strcpy_P.o)
 .text          0x00000000000055fc        0x0 /usr/local/avr8-gnu-toolchain/bin/../lib/gcc/avr/7.3.0/../../../../avr/lib/avr51/libc.a(strncasecmp_P.o)
 .text          0x00000000000055fc        0x0 /usr/local/avr8-gnu-toolchain/bin/../lib/gcc/avr/7.3.0/../../../../avr/lib/avr51/libc.a(strncmp_P.o)
 .text          0x00000000000055fc        0x0 /usr/local/avr8-gnu-toolchain/bin/../lib/gcc/avr/7.3.0/../../../../avr/lib/avr51/libc.a(strstr_P.o)
 .text          0x00000000000055fc        0x0 /usr/local/avr8-gnu-toolchain/bin/../lib/gcc/avr/7.3.0/../../../../avr/lib/avr51/libc.a(memcmp.o)
 .text          0x00000000000055fc        0x0 /usr/local/avr8-gnu-toolchain/bin/../lib/gcc/avr/7.3.0/../../../../avr/lib/avr51/libc.a(memcpy.o)
 .text          0x00000000000055fc        0x0 /usr/local/avr8-gnu-toolchain/bin/../lib/gcc/avr/7.3.0/../../../../avr/lib/avr51/libc.a(memset.o)
 .text          0x00000000000055fc        0x0 /usr/local/avr8-gnu-toolchain/bin/../lib/gcc/avr/7.3.0/../../../../avr/lib/avr51/libc.a(strcat.o)
 .text          0x00000000000055fc        0x0 /usr/local/avr8-gnu-toolchain/bin/../lib/gcc/avr/7.3.0/../../../../avr/lib/avr51/libc.a(strchr.o)
 .text          0x00000000000055fc        0x0 /usr/local/avr8-gnu-toolchain/bin/../lib/gcc/avr/7.3.0/../../../../avr/lib/avr51/libc.a(strcpy.o)
 .text          0x00000000000055fc        0x0 /usr/local/avr8-gnu-toolchain/bin/../lib/gcc/avr/7.3.0/../../../../avr/lib/avr51/libc.a(utoa_ncheck.o)
 .text          0x00000000000055fc        0x0 /usr/local/avr8-gnu-toolchain/bin/../lib/gcc/avr/7.3.0/../../../../avr/lib/avr51/libc.a(sprintf.o)
 .text          0x00000000000055fc        0x0 /usr/local/avr8-gnu-toolchain/bin/../lib/gcc/avr/7.3.0/../../../../avr/lib/avr51/libc.a(vfprintf_std.o)
 .text          0x00000000000055fc        0x0 /usr/local/avr8-gnu-toolchain/bin/../lib/gcc/avr/7.3.0/../../../../avr/lib/avr51/libc.a(errno.o)
 .text          0x00000000000055fc        0x0 /usr/local/avr8-gnu-toolchain/bin/../lib/gcc/avr/7.3.0/../../../../avr/lib/avr51/libc.a(cty_isfalse.o)
 .text          0x00000000000055fc        0x0 /usr/local/avr8-gnu-toolchain/bin/../lib/gcc/avr/7.3.0/../../../../avr/lib/avr51/libc.a(strnlen_P.o)
 .text          0x00000000000055fc        0x0 /usr/local/avr8-gnu-toolchain/bin/../lib/gcc/avr/7.3.0/../../../../avr/lib/avr51/libc.a(strnlen.o)
 .text          0x00000000000055fc        0x0 /usr/local/avr8-gnu-toolchain/bin/../lib/gcc/avr/7.3.0/../../../../avr/lib/avr51/libc.a(strrev.o)
 .text          0x00000000000055fc        0x0 /usr/local/avr8-gnu-toolchain/bin/../lib/gcc/avr/7.3.0/../../../../avr/lib/avr51/libc.a(fputc.o)
 .text          0x00000000000055fc        0x0 /usr/local/avr8-gnu-toolchain/bin/../lib/gcc/avr/7.3.0/../../../../avr/lib/avr51/libc.a(ultoa_invert.o)
 .text          0x00000000000055fc        0x0 /usr/local/avr8-gnu-toolchain/bin/../lib/gcc/avr/7.3.0/../../../../avr/lib/avr51/libatmega1284p.a(eerd_block.o)
 .text          0x00000000000055fc        0x0 /usr/local/avr8-gnu-toolchain/bin/../lib/gcc/avr/7.3.0/../../../../avr/lib/avr51/libatmega1284p.a(eerd_byte.o)
 .text          0x00000000000055fc        0x0 /usr/local/avr8-gnu-toolchain/bin/../lib/gcc/avr/7.3.0/../../../../avr/lib/avr51/libatmega1284p.a(eeupd_block.o)
 .text          0x00000000000055fc        0x0 /usr/local/avr8-gnu-toolchain/bin/../lib/gcc/avr/7.3.0/../../../../avr/lib/avr51/libatmega1284p.a(eeupd_byte.o)
 .text          0x00000000000055fc        0x0 /usr/local/avr8-gnu-toolchain/bin/../lib/gcc/avr/7.3.0/avr51/libgcc.a(_mulsi3.o)
 .text          0x00000000000055fc        0x0 /usr/local/avr8-gnu-toolchain/bin/../lib/gcc/avr/7.3.0/avr51/libgcc.a(_udivmodsi4.o)
 .text          0x00000000000055fc        0x0 /usr/local/avr8-gnu-toolchain/bin/../lib/gcc/avr/7.3.0/avr51/libgcc.a(_muluhisi3.o)
 .text          0x00000000000055fc        0x0 /usr/local/avr8-gnu-toolchain/bin/../lib/gcc/avr/7.3.0/avr51/libgcc.a(_umulhisi3.o)
                0x00000000000055fc                . = ALIGN (0x2)
 *(.text.*)
 .text.startup  0x00000000000055fc       0x88 main.o
                0x00000000000055fc                main
 .text.libgcc.mul
                0x0000000000005684        0x0 /usr/local/avr8-gnu-toolchain/bin/../lib/gcc/avr/7.3.0/avr51/libgcc.a(_divmodhi4.o)
 .text.libgcc.div
                0x0000000000005684       0x28 /usr/local/avr8-gnu-toolchain/bin/../lib/gcc/avr/7.3.0/avr51/libgcc.a(_divmodhi4.o)
                0x0000000000005684                __divmodhi4
                0x0000000000005684                _div
 .text.libgcc   0x00000000000056ac        0x0 /usr/local/avr8-gnu-toolchain/bin/../lib/gcc/avr/7.3.0/avr51/libgcc.a(_divmodhi4.o)
 .text.libgcc.prologue
                0x00000000000056ac        0x0 /usr/local/avr8-gnu-toolchain/bin/../lib/gcc/avr/7.3.0/avr51/libgcc.a(_divmodhi4.o)
 .text.libgcc.builtins
                0x00000000000056ac        0x0 /usr/local/avr8-gnu-toolchain/bin/../lib/gcc/avr/7.3.0/avr51/libgcc.a(_divmodhi4.o)
 .text.libgcc.fmul
                0x00000000000056ac        0x0 /usr/local/avr8-gnu-toolchain/bin/../lib/gcc/avr/7.3.0/avr51/libgcc.a(_divmodhi4.o)
 .text.libgcc.fixed
                0x00000000000056ac        0x0 /usr/local/avr8-gnu-toolchain/bin/../lib/gcc/avr/7.3.0/avr51/libgcc.a(_divmodhi4.o)
 .text.libgcc.mul
                0x00000000000056ac        0x0 /usr/local/avr8-gnu-toolchain/bin/../lib/gcc/avr/7.3.0/avr51/libgcc.a(_exit.o)
 .text.libgcc.div
                0x00000000000056ac        0x0 /usr/local/avr8-gnu-toolchain/bin/../lib/gcc/avr/7.3.0/avr51/libgcc.a(_exit.o)
 .text.libgcc   0x00000000000056ac        0x0 /usr/local/avr8-gnu-toolchain/bin/../lib/gcc/avr/7.3.0/avr51/libgcc.a(_exit.o)
 .text.libgcc.prologue
                0x00000000000056ac        0x0 /usr/local/avr8-gnu-toolchain/bin/../lib/gcc/avr/7.3.0/avr51/libgcc.a(_exit.o)
 .text.libgcc.builtins
                0x00000000000056ac        0x0 /usr/local/avr8-gnu-toolchain/bin/../lib/gcc/avr/7.3.0/avr51/libgcc.a(_exit.o)
 .text.libgcc.fmul
                0x00000000000056ac        0x0 /usr/local/avr8-gnu-toolchain/bin/../lib/gcc/avr/7.3.0/avr51/libgcc.a(_exit.o)
 .text.libgcc.fixed
                0x00000000000056ac        0x0 /usr/local/avr8-gnu-toolchain/bin/../lib/gcc/avr/7.3.0/avr51/libgcc.a(_exit.o)
 .text.libgcc.mul
                0x00000000000056ac        0x0 /usr/local/avr8-gnu-toolchain/bin/../lib/gcc/avr/7.3.0/avr51/libgcc.a(_tablejump2.o)
 .text.libgcc.div
                0x00000000000056ac        0x0 /usr/local/avr8-gnu-toolchain/bin/../lib/gcc/avr/7.3.0/avr51/libgcc.a(_tablejump2.o)
 .text.libgcc   0x00000000000056ac       0x12 /usr/local/avr8-gnu-toolchain/bin/../lib/gcc/avr/7.3.0/avr51/libgcc.a(_tablejump2.o)
                0x00000000000056ac                __tablejump2__
 .text.libgcc.prologue
                0x00000000000056be        0x0 /usr/local/avr8-gnu-toolchain/bin/../lib/gcc/avr/7.3.0/avr51/libgcc.a(_tablejump2.o)
 .text.libgcc.builtins
                0x00000000000056be        0x0 /usr/local/avr8-gnu-toolchain/bin/../lib/gcc/avr/7.3.0/avr51/libgcc.a(_tablejump2.o)
 .text.libgcc.fmul
                0x00000000000056be        0x0 /usr/local/avr8-gnu-toolchain/bin/../lib/gcc/avr/7.3.0/avr51/libgcc.a(_tablejump2.o)
 .text.libgcc.fixed
                0x00000000000056be        0x0 /usr/local/avr8-gnu-toolchain/bin/../lib/gcc/avr/7.3.0/avr51/libgcc.a(_tablejump2.o)
 .text.libgcc.mul
                0x00000000000056be        0x0 /usr/local/avr8-gnu-toolchain/bin/../lib/gcc/avr/7.3.0/avr51/libgcc.a(_copy_data.o)
 .text.libgcc.div
                0x00000000000056be        0x0 /usr/local/avr8-gnu-toolchain/bin/../lib/gcc/avr/7.3.0/avr51/libgcc.a(_copy_data.o)
 .text.libgcc   0x00000000000056be        0x0 /usr/local/avr8-gnu-toolchain/bin/../lib/gcc/avr/7.3.0/avr51/libgcc.a(_copy_data.o)
 .text.libgcc.prologue
                0x00000000000056be        0x0 /usr/local/avr8-gnu-toolchain/bin/../lib/gcc/avr/7.3.0/avr51/libgcc.a(_copy_data.o)
 .text.libgcc.builtins
                0x00000000000056be        0x0 /usr/local/avr8-gnu-toolchain/bin/../lib/gcc/avr/7.3.0/avr51/libgcc.a(_copy_data.o)
 .text.libgcc.fmul
                0x00000000000056be        0x0 /usr/local/avr8-gnu-toolchain/bin/../lib/gcc/avr/7.3.0/avr51/libgcc.a(_copy_data.o)
 .text.libgcc.fixed
                0x00000000000056be        0x0 /usr/local/avr8-gnu-toolchain/bin/../lib/gcc/avr/7.3.0/avr51/libgcc.a(_copy_data.o)
 .text.libgcc.mul
                0x00000000000056be        0x0 /usr/local/avr8-gnu-toolchain/bin/../lib/gcc/avr/7.3.0/avr51/libgcc.a(_clear_bss.o)
 .text.libgcc.div
                0x00000000000056be        0x0 /usr/local/avr8-gnu-toolchain/bin/../lib/gcc/avr/7.3.0/avr51/libgcc.a(_clear_bss.o)
 .text.libgcc   0x00000000000056be        0x0 /usr/local/avr8-gnu-toolchain/bin/../lib/gcc/avr/7.3.0/avr51/libgcc.a(_clear_bss.o)
 .text.libgcc.prologue
                0x00000000000056be        0x0 /usr/local/avr8-gnu-toolchain/bin/../lib/gcc/avr/7.3.0/avr51/libgcc.a(_clear_bss.o)
 .text.libgcc.builtins
                0x00000000000056be        0x0 /usr/local/avr8-gnu-toolchain/bin/../lib/gcc/avr/7.3.0/avr51/libgcc.a(_clear_bss.o)
 .text.libgcc.fmul
                0x00000000000056be        0x0 /usr/local/avr8-gnu-toolchain/bin/../lib/gcc/avr/7.3.0/avr51/libgcc.a(_clear_bss.o)
 .text.libgcc.fixed
                0x00000000000056be        0x0 /usr/local/avr8-gnu-toolchain/bin/../lib/gcc/avr/7.3.0/avr51/libgcc.a(_clear_bss.o)
 .text.libgcc.mul
                0x00000000000056be        0x0 /usr/local/avr8-gnu-toolchain/bin/../lib/gcc/avr/7.3.0/avr51/libgcc.a(_udivmodhi4.o)
 .text.libgcc.div
                0x00000000000056be       0x28 /usr/local/avr8-gnu-toolchain/bin/../lib/gcc/avr/7.3.0/avr51/libgcc.a(_udivmodhi4.o)
                0x00000000000056be                __udivmodhi4
 .text.libgcc   0x00000000000056e6        0x0 /usr/local/avr8-gnu-toolchain/bin/../lib/gcc/avr/7.3.0/avr51/libgcc.a(_udivmodhi4.o)
 .text.libgcc.prologue
                0x00000000000056e6        0x0 /usr/local/avr8-gnu-toolchain/bin/../lib/gcc/avr/7.3.0/avr51/libgcc.a(_udivmodhi4.o)
 .text.libgcc.builtins
                0x00000000000056e6        0x0 /usr/local/avr8-gnu-toolchain/bin/../lib/gcc/avr/7.3.0/avr51/libgcc.a(_udivmodhi4.o)
 .text.libgcc.fmul
                0x00000000000056e6        0x0 /usr/local/avr8-gnu-toolchain/bin/../lib/gcc/avr/7.3.0/avr51/libgcc.a(_udivmodhi4.o)
 .text.libgcc.fixed
                0x00000000000056e6        0x0 /usr/local/avr8-gnu-toolchain/bin/../lib/gcc/avr/7.3.0/avr51/libgcc.a(_udivmodhi4.o)
 .text.avr-libc
                0x00000000000056e6      0x25c /usr/local/avr8-gnu-toolchain/bin/../lib/gcc/avr/7.3.0/../../../../avr/lib/avr51/libc.a(strtol.o)
                0x00000000000056e6                strtol
 .text.avr-libc
                0x0000000000005942      0x206 /usr/local/avr8-gnu-toolchain/bin/../lib/gcc/avr/7.3.0/../../../../avr/lib/avr51/libc.a(strtoul.o)
                0x0000000000005942                strtoul
 .text.avr-libc
                0x0000000000005b48       0x12 /usr/local/avr8-gnu-toolchain/bin/../lib/gcc/avr/7.3.0/../../../../avr/lib/avr51/libc.a(isspace.o)
                0x0000000000005b48                isspace
 .text.avr-libc
                0x0000000000005b5a       0x10 /usr/local/avr8-gnu-toolchain/bin/../lib/gcc/avr/7.3.0/../../../../avr/lib/avr51/libc.a(toupper.o)
                0x0000000000005b5a                toupper
 .text.avr-libc
                0x0000000000005b6a       0x1a /usr/local/avr8-gnu-toolchain/bin/../lib/gcc/avr/7.3.0/../../../../avr/lib/avr51/libc.a(memcmp_P.o)
                0x0000000000005b6a                memcmp_P
 .text.avr-libc
                0x0000000000005b84       0x12 /usr/local/avr8-gnu-toolchain/bin/../lib/gcc/avr/7.3.0/../../../../avr/lib/avr51/libc.a(memcpy_P.o)
                0x0000000000005b84                memcpy_P
 .text.avr-libc
                0x0000000000005b96        0xe /usr/local/avr8-gnu-toolchain/bin/../lib/gcc/avr/7.3.0/../../../../avr/lib/avr51/libc.a(strcpy_P.o)
                0x0000000000005b96                strcpy_P
 .text.avr-libc
                0x0000000000005ba4       0x30 /usr/local/avr8-gnu-toolchain/bin/../lib/gcc/avr/7.3.0/../../../../avr/lib/avr51/libc.a(strncasecmp_P.o)
                0x0000000000005ba4                strncasecmp_P
 .text.avr-libc
                0x0000000000005bd4       0x1c /usr/local/avr8-gnu-toolchain/bin/../lib/gcc/avr/7.3.0/../../../../avr/lib/avr51/libc.a(strncmp_P.o)
                0x0000000000005bd4                strncmp_P
 .text.avr-libc
                0x0000000000005bf0       0x34 /usr/local/avr8-gnu-toolchain/bin/../lib/gcc/avr/7.3.0/../../../../avr/lib/avr51/libc.a(strstr_P.o)
                0x0000000000005bf0                strstr_P
 .text.avr-libc
                0x0000000000005c24       0x1a /usr/local/avr8-gnu-toolchain/bin/../lib/gcc/avr/7.3.0/../../../../avr/lib/avr51/libc.a(memcmp.o)
                0x0000000000005c24                memcmp
 .text.avr-libc
                0x0000000000005c3e       0x12 /usr/local/avr8-gnu-toolchain/bin/../lib/gcc/avr/7.3.0/../../../../avr/lib/avr51/libc.a(memcpy.o)
                0x0000000000005c3e                memcpy
 .text.avr-libc
                0x0000000000005c50        0xe /usr/local/avr8-gnu-toolchain/bin/../lib/gcc/avr/7.3.0/../../../../avr/lib/avr51/libc.a(memset.o)
                0x0000000000005c50                memset
 .text.avr-libc
                0x0000000000005c5e       0x16 /usr/local/avr8-gnu-toolchain/bin/../lib/gcc/avr/7.3.0/../../../../avr/lib/avr51/libc.a(strcat.o)
                0x0000000000005c5e                strcat
 .text.avr-libc
                0x0000000000005c74       0x16 /usr/local/avr8-gnu-toolchain/bin/../lib/gcc/avr/7.3.0/../../../../avr/lib/avr51/libc.a(strchr.o)
                0x0000000000005c74                strchr
 .text.avr-libc
                0x0000000000005c8a        0xe /usr/local/avr8-gnu-toolchain/bin/../lib/gcc/avr/7.3.0/../../../../avr/lib/avr51/libc.a(strcpy.o)
                0x0000000000005c8a                strcpy
 .text.avr-libc
                0x0000000000005c98       0x34 /usr/local/avr8-gnu-toolchain/bin/../lib/gcc/avr/7.3.0/../../../../avr/lib/avr51/libc.a(utoa_ncheck.o)
                0x0000000000005c98                __utoa_ncheck
                0x0000000000005c9a                __utoa_common
 .text.avr-libc
                0x0000000000005ccc       0x60 /usr/local/avr8-gnu-toolchain/bin/../lib/gcc/avr/7.3.0/../../../../avr/lib/avr51/libc.a(sprintf.o)
                0x0000000000005ccc                sprintf
 .text.avr-libc
                0x0000000000005d2c      0x406 /usr/local/avr8-gnu-toolchain/bin/../lib/gcc/avr/7.3.0/../../../../avr/lib/avr51/libc.a(vfprintf_std.o)
                0x0000000000005d2c                vfprintf
 .text.avr-libc
                0x0000000000006132        0x6 /usr/local/avr8-gnu-toolchain/bin/../lib/gcc/avr/7.3.0/../../../../avr/lib/avr51/libc.a(cty_isfalse.o)
                0x0000000000006132                __ctype_isfalse
                0x0000000000006136                __ctype_istrue
 .text.avr-libc
                0x0000000000006138       0x16 /usr/local/avr8-gnu-toolchain/bin/../lib/gcc/avr/7.3.0/../../../../avr/lib/avr51/libc.a(strnlen_P.o)
                0x0000000000006138                strnlen_P
 .text.avr-libc
                0x000000000000614e       0x16 /usr/local/avr8-gnu-toolchain/bin/../lib/gcc/avr/7.3.0/../../../../avr/lib/avr51/libc.a(strnlen.o)
                0x000000000000614e                strnlen
 .text.avr-libc
                0x0000000000006164       0x20 /usr/local/avr8-gnu-toolchain/bin/../lib/gcc/avr/7.3.0/../../../../avr/lib/avr51/libc.a(strrev.o)
                0x0000000000006164                strrev
 .text.avr-libc
                0x0000000000006184       0x60 /usr/local/avr8-gnu-toolchain/bin/../lib/gcc/avr/7.3.0/../../../../avr/lib/avr51/libc.a(fputc.o)
                0x0000000000006184                fputc
 .text.avr-libc
                0x00000000000061e4       0xbc /usr/local/avr8-gnu-toolchain/bin/../lib/gcc/avr/7.3.0/../../../../avr/lib/avr51/libc.a(ultoa_invert.o)
                0x00000000000061e4                __ultoa_invert
 .text.avr-libc
                0x00000000000062a0       0x20 /usr/local/avr8-gnu-toolchain/bin/../lib/gcc/avr/7.3.0/../../../../avr/lib/avr51/libatmega1284p.a(eerd_block.o)
                0x00000000000062a0                eeprom_read_block
                0x00000000000062a4                eeprom_read_blraw
 .text.avr-libc
                0x00000000000062c0       0x10 /usr/local/avr8-gnu-toolchain/bin/../lib/gcc/avr/7.3.0/../../../../avr/lib/avr51/libatmega1284p.a(eerd_byte.o)
                0x00000000000062c0                eeprom_read_byte
 .text.avr-libc
                0x00000000000062d0       0x20 /usr/local/avr8-gnu-toolchain/bin/../lib/gcc/avr/7.3.0/../../../../avr/lib/avr51/libatmega1284p.a(eeupd_block.o)
                0x00000000000062d0                eeprom_update_block
 .text.avr-libc
                0x00000000000062f0       0x24 /usr/local/avr8-gnu-toolchain/bin/../lib/gcc/avr/7.3.0/../../../../avr/lib/avr51/libatmega1284p.a(eeupd_byte.o)
                0x00000000000062f0                eeprom_update_byte
                0x00000000000062f2                eeprom_update_r18
 .text.libgcc.mul
                0x0000000000006314       0x20 /usr/local/avr8-gnu-toolchain/bin/../lib/gcc/avr/7.3.0/avr51/libgcc.a(_mulsi3.o)
                0x0000000000006314                __mulsi3
 .text.libgcc.div
                0x0000000000006334        0x0 /usr/local/avr8-gnu-toolchain/bin/../lib/gcc/avr/7.3.0/avr51/libgcc.a(_mulsi3.o)
 .text.libgcc   0x0000000000006334        0x0 /usr/local/avr8-gnu-toolchain/bin/../lib/gcc/avr/7.3.0/avr51/libgcc.a(_mulsi3.o)
 .text.libgcc.prologue
                0x0000000000006334        0x0 /usr/local/avr8-gnu-toolchain/bin/../lib/gcc/avr/7.3.0/avr51/libgcc.a(_mulsi3.o)
 .text.libgcc.builtins
                0x0000000000006334        0x0 /usr/local/avr8-gnu-toolchain/bin/../lib/gcc/avr/7.3.0/avr51/libgcc.a(_mulsi3.o)
 .text.libgcc.fmul
                0x0000000000006334        0x0 /usr/local/avr8-gnu-toolchain/bin/../lib/gcc/avr/7.3.0/avr51/libgcc.a(_mulsi3.o)
 .text.libgcc.fixed
                0x0000000000006334        0x0 /usr/local/avr8-gnu-toolchain/bin/../lib/gcc/avr/7.3.0/avr51/libgcc.a(_mulsi3.o)
 .text.libgcc.mul
                0x0000000000006334        0x0 /usr/local/avr8-gnu-toolchain/bin/../lib/gcc/avr/7.3.0/avr51/libgcc.a(_udivmodsi4.o)
 .text.libgcc.div
                0x0000000000006334       0x44 /usr/local/avr8-gnu-toolchain/bin/../lib/gcc/avr/7.3.0/avr51/libgcc.a(_udivmodsi4.o)
                0x0000000000006334                __udivmodsi4
 .text.libgcc   0x0000000000006378        0x0 /usr/local/avr8-gnu-toolchain/bin/../lib/gcc/avr/7.3.0/avr51/libgcc.a(_udivmodsi4.o)
 .text.libgcc.prologue
                0x0000000000006378        0x0 /usr/local/avr8-gnu-toolchain/bin/../lib/gcc/avr/7.3.0/avr51/libgcc.a(_udivmodsi4.o)
 .text.libgcc.builtins
                0x0000000000006378        0x0 /usr/local/avr8-gnu-toolchain/bin/../lib/gcc/avr/7.3.0/avr51/libgcc.a(_udivmodsi4.o)
 .text.libgcc.fmul
                0x0000000000006378        0x0 /usr/local/avr8-gnu-toolchain/bin/../lib/gcc/avr/7.3.0/avr51/libgcc.a(_udivmodsi4.o)
 .text.libgcc.fixed
                0x0000000000006378        0x0 /usr/local/avr8-gnu-toolchain/bin/../lib/gcc/avr/7.3.0/avr51/libgcc.a(_udivmodsi4.o)
 .text.libgcc.mul
                0x0000000000006378       0x16 /usr/local/avr8-gnu-toolchain/bin/../lib/gcc/avr/7.3.0/avr51/libgcc.a(_muluhisi3.o)
                0x0000000000006378                __muluhisi3
 .text.libgcc.div
                0x000000000000638e        0x0 /usr/local/avr8-gnu-toolchain/bin/../lib/gcc/avr/7.3.0/avr51/libgcc.a(_muluhisi3.o)
 .text.libgcc   0x000000000000638e        0x0 /usr/local/avr8-gnu-toolchain/bin/../lib/gcc/avr/7.3.0/avr51/libgcc.a(_muluhisi3.o)
 .text.libgcc.prologue
                0x000000000000638e        0x0 /usr/local/avr8-gnu-toolchain/bin/../lib/gcc/avr/7.3.0/avr51/libgcc.a(_muluhisi3.o)
 .text.libgcc.builtins
                0x000000000000638e        0x0 /usr/local/avr8-gnu-toolchain/bin/../lib/gcc/avr/7.3.0/avr51/libgcc.a(_muluhisi3.o)
 .text.libgcc.fmul
                0x000000000000638e        0x0 /usr/local/avr8-gnu-toolchain/bin/../lib/gcc/avr/7.3.0/avr51/libgcc.a(_muluhisi3.o)
 .text.libgcc.fixed
                0x000000000000638e        0x0 /usr/local/avr8-gnu-toolchain/bin/../lib/gcc/avr/7.3.0/avr51/libgcc.a(_muluhisi3.o)
 .text.libgcc.mul
                0x000000000000638e       0x1e /usr/local/avr8-gnu-toolchain/bin/../lib/gcc/avr/7.3.0/avr51/libgcc.a(_umulhisi3.o)
                0x000000000000638e                __umulhisi3
 .text.libgcc.div
                0x00000000000063ac        0x0 /usr/local/avr8-gnu-toolchain/bin/../lib/gcc/avr/7.3.0/avr51/libgcc.a(_umulhisi3.o)
 .text.libgcc   0x00000000000063ac        0x0 /usr/local/avr8-gnu-toolchain/bin/../lib/gcc/avr/7.3.0/avr51/libgcc.a(_umulhisi3.o)
 .text.libgcc.prologue
                0x00000000000063ac        0x0 /usr/local/avr8-gnu-toolchain/bin/../lib/gcc/avr/7.3.0/avr51/libgcc.a(_umulhisi3.o)
 .text.libgcc.builtins
                0x00000000000063ac        0x0 /usr/local/avr8-gnu-toolchain/bin/../lib/gcc/avr/7.3.0/avr51/libgcc.a(_umulhisi3.o)
 .text.libgcc.fmul
                0x00000000000063ac        0x0 /usr/local/avr8-gnu-toolchain/bin/../lib/gcc/avr/7.3.0/avr51/libgcc.a(_umulhisi3.o)
 .text.libgcc.fixed
                0x00000000000063ac        0x0 /usr/local/avr8-gnu-toolchain/bin/../lib/gcc/avr/7.3.0/avr51/libgcc.a(_umulhisi3.o)
                0x00000000000063ac                . = ALIGN (0x2)
 *(.fini9)
 .fini9         0x00000000000063ac        0x0 /usr/local/avr8-gnu-toolchain/bin/../lib/gcc/avr/7.3.0/avr51/libgcc.a(_exit.o)
                0x00000000000063ac                exit
                0x00000000000063ac                _exit
 *(.fini9)
 *(.fini8)
 *(.fini8)
 *(.fini7)
 *(.fini7)
 *(.fini6)
 *(.fini6)
 *(.fini5)
 *(.fini5)
 *(.fini4)
 *(.fini4)
 *(.fini3)
 *(.fini3)
 *(.fini2)
 *(.fini2)
 *(.fini1)
 *(.fini1)
 *(.fini0)
 .fini0         0x00000000000063ac        0x4 /usr/local/avr8-gnu-toolchain/bin/../lib/gcc/avr/7.3.0/avr51/libgcc.a(_exit.o)
 *(.fini0)
                0x00000000000063b0                _etext = .

.data           0x0000000000800100       0xd0 load address 0x00000000000063b0
                0x0000000000800100                PROVIDE (__data_start, .)
 *(.data)
 .data          0x0000000000800100        0x0 /usr/local/avr8-gnu-toolchain/bin/../lib/gcc/avr/7.3.0/../../../../avr/lib/avr51/crtatmega1284p.o
 .data          0x0000000000800100        0x5 main.o
                0x0000000000800100                tryb_pracy
                0x0000000000800101                tryb_clip
                0x0000000000800102                skryba_limit
                0x0000000000800104                max_oczekiwanie_na_odpowiedz
 .data          0x0000000000800105        0x0 wewy.o
 .data          0x0000000000800105        0x1 sim900.o
                0x0000000000800105                licznik_100ms_procedura_inicjalizacyjna_SIM900
 .data          0x0000000000800106        0x1 poleceniagsm.o
                0x0000000000800106                poziom_sieci_gsm
 .data          0x0000000000800107        0x0 pamiec_ram.o
 .data          0x0000000000800107        0x0 interpretacjaSMS.o
 .data          0x0000000000800107       0x10 komendy.o
                0x0000000000800107                czas_stop_m
                0x0000000000800108                czas_stop_h
                0x0000000000800109                czas_start_m
                0x000000000080010a                czas_start_h
                0x000000000080010b                rtc_czas
 .data          0x0000000000800117        0x0 konfiguracja.o
 .data          0x0000000000800117        0x0 zapiseeprom.o
 .data          0x0000000000800117        0x0 pdu.o
 .data          0x0000000000800117        0x0 /usr/local/avr8-gnu-toolchain/bin/../lib/gcc/avr/7.3.0/avr51/libgcc.a(_divmodhi4.o)
 .data          0x0000000000800117        0x0 /usr/local/avr8-gnu-toolchain/bin/../lib/gcc/avr/7.3.0/avr51/libgcc.a(_exit.o)
 .data          0x0000000000800117        0x0 /usr/local/avr8-gnu-toolchain/bin/../lib/gcc/avr/7.3.0/avr51/libgcc.a(_tablejump2.o)
 .data          0x0000000000800117        0x0 /usr/local/avr8-gnu-toolchain/bin/../lib/gcc/avr/7.3.0/avr51/libgcc.a(_copy_data.o)
 .data          0x0000000000800117        0x0 /usr/local/avr8-gnu-toolchain/bin/../lib/gcc/avr/7.3.0/avr51/libgcc.a(_clear_bss.o)
 .data          0x0000000000800117        0x0 /usr/local/avr8-gnu-toolchain/bin/../lib/gcc/avr/7.3.0/avr51/libgcc.a(_udivmodhi4.o)
 .data          0x0000000000800117        0x0 /usr/local/avr8-gnu-toolchain/bin/../lib/gcc/avr/7.3.0/../../../../avr/lib/avr51/libc.a(strtol.o)
 .data          0x0000000000800117        0x0 /usr/local/avr8-gnu-toolchain/bin/../lib/gcc/avr/7.3.0/../../../../avr/lib/avr51/libc.a(strtoul.o)
 .data          0x0000000000800117        0x0 /usr/local/avr8-gnu-toolchain/bin/../lib/gcc/avr/7.3.0/../../../../avr/lib/avr51/libc.a(isspace.o)
 .data          0x0000000000800117        0x0 /usr/local/avr8-gnu-toolchain/bin/../lib/gcc/avr/7.3.0/../../../../avr/lib/avr51/libc.a(toupper.o)
 .data          0x0000000000800117        0x0 /usr/local/avr8-gnu-toolchain/bin/../lib/gcc/avr/7.3.0/../../../../avr/lib/avr51/libc.a(memcmp_P.o)
 .data          0x0000000000800117        0x0 /usr/local/avr8-gnu-toolchain/bin/../lib/gcc/avr/7.3.0/../../../../avr/lib/avr51/libc.a(memcpy_P.o)
 .data          0x0000000000800117        0x0 /usr/local/avr8-gnu-toolchain/bin/../lib/gcc/avr/7.3.0/../../../../avr/lib/avr51/libc.a(strcpy_P.o)
 .data          0x0000000000800117        0x0 /usr/local/avr8-gnu-toolchain/bin/../lib/gcc/avr/7.3.0/../../../../avr/lib/avr51/libc.a(strncasecmp_P.o)
 .data          0x0000000000800117        0x0 /usr/local/avr8-gnu-toolchain/bin/../lib/gcc/avr/7.3.0/../../../../avr/lib/avr51/libc.a(strncmp_P.o)
 .data          0x0000000000800117        0x0 /usr/local/avr8-gnu-toolchain/bin/../lib/gcc/avr/7.3.0/../../../../avr/lib/avr51/libc.a(strstr_P.o)
 .data          0x0000000000800117        0x0 /usr/local/avr8-gnu-toolchain/bin/../lib/gcc/avr/7.3.0/../../../../avr/lib/avr51/libc.a(memcmp.o)
 .data          0x0000000000800117        0x0 /usr/local/avr8-gnu-toolchain/bin/../lib/gcc/avr/7.3.0/../../../../avr/lib/avr51/libc.a(memcpy.o)
 .data          0x0000000000800117        0x0 /usr/local/avr8-gnu-toolchain/bin/../lib/gcc/avr/7.3.0/../../../../avr/lib/avr51/libc.a(memset.o)
 .data          0x0000000000800117        0x0 /usr/local/avr8-gnu-toolchain/bin/../lib/gcc/avr/7.3.0/../../../../avr/lib/avr51/libc.a(strcat.o)
 .data          0x0000000000800117        0x0 /usr/local/avr8-gnu-toolchain/bin/../lib/gcc/avr/7.3.0/../../../../avr/lib/avr51/libc.a(strchr.o)
 .data          0x0000000000800117        0x0 /usr/local/avr8-gnu-toolchain/bin/../lib/gcc/avr/7.3.0/../../../../avr/lib/avr51/libc.a(strcpy.o)
 .data          0x0000000000800117        0x0 /usr/local/avr8-gnu-toolchain/bin/../lib/gcc/avr/7.3.0/../../../../avr/lib/avr51/libc.a(utoa_ncheck.o)
 .data          0x0000000000800117        0x0 /usr/local/avr8-gnu-toolchain/bin/../lib/gcc/avr/7.3.0/../../../../avr/lib/avr51/libc.a(sprintf.o)
 .data          0x0000000000800117        0x0 /usr/local/avr8-gnu-toolchain/bin/../lib/gcc/avr/7.3.0/../../../../avr/lib/avr51/libc.a(vfprintf_std.o)
 .data          0x0000000000800117        0x0 /usr/local/avr8-gnu-toolchain/bin/../lib/gcc/avr/7.3.0/../../../../avr/lib/avr51/libc.a(errno.o)
 .data          0x0000000000800117        0x0 /usr/local/avr8-gnu-toolchain/bin/../lib/gcc/avr/7.3.0/../../../../avr/lib/avr51/libc.a(cty_isfalse.o)
 .data          0x0000000000800117        0x0 /usr/local/avr8-gnu-toolchain/bin/../lib/gcc/avr/7.3.0/../../../../avr/lib/avr51/libc.a(strnlen_P.o)
 .data          0x0000000000800117        0x0 /usr/local/avr8-gnu-toolchain/bin/../lib/gcc/avr/7.3.0/../../../../avr/lib/avr51/libc.a(strnlen.o)
 .data          0x0000000000800117        0x0 /usr/local/avr8-gnu-toolchain/bin/../lib/gcc/avr/7.3.0/../../../../avr/lib/avr51/libc.a(strrev.o)
 .data          0x0000000000800117        0x0 /usr/local/avr8-gnu-toolchain/bin/../lib/gcc/avr/7.3.0/../../../../avr/lib/avr51/libc.a(fputc.o)
 .data          0x0000000000800117        0x0 /usr/local/avr8-gnu-toolchain/bin/../lib/gcc/avr/7.3.0/../../../../avr/lib/avr51/libc.a(ultoa_invert.o)
 .data          0x0000000000800117        0x0 /usr/local/avr8-gnu-toolchain/bin/../lib/gcc/avr/7.3.0/../../../../avr/lib/avr51/libatmega1284p.a(eerd_block.o)
 .data          0x0000000000800117        0x0 /usr/local/avr8-gnu-toolchain/bin/../lib/gcc/avr/7.3.0/../../../../avr/lib/avr51/libatmega1284p.a(eerd_byte.o)
 .data          0x0000000000800117        0x0 /usr/local/avr8-gnu-toolchain/bin/../lib/gcc/avr/7.3.0/../../../../avr/lib/avr51/libatmega1284p.a(eeupd_block.o)
 .data          0x0000000000800117        0x0 /usr/local/avr8-gnu-toolchain/bin/../lib/gcc/avr/7.3.0/../../../../avr/lib/avr51/libatmega1284p.a(eeupd_byte.o)
 .data          0x0000000000800117        0x0 /usr/local/avr8-gnu-toolchain/bin/../lib/gcc/avr/7.3.0/avr51/libgcc.a(_mulsi3.o)
 .data          0x0000000000800117        0x0 /usr/local/avr8-gnu-toolchain/bin/../lib/gcc/avr/7.3.0/avr51/libgcc.a(_udivmodsi4.o)
 .data          0x0000000000800117        0x0 /usr/local/avr8-gnu-toolchain/bin/../lib/gcc/avr/7.3.0/avr51/libgcc.a(_muluhisi3.o)
 .data          0x0000000000800117        0x0 /usr/local/avr8-gnu-toolchain/bin/../lib/gcc/avr/7.3.0/avr51/libgcc.a(_umulhisi3.o)
 *(.data*)
 *(.gnu.linkonce.d*)
 *(.rodata)
 *(.rodata*)
 .rodata.str1.1
                0x0000000000800117       0xb9 main.o
 .rodata.str1.1
                0x00000000008001d0       0x23 interpretacjaSMS.o
 *(.gnu.linkonce.r*)
                0x00000000008001f4                . = ALIGN (0x2)
                0x00000000008001f4                _edata = .
                0x00000000008001f4                PROVIDE (__data_end, .)

.bss            0x00000000008001d0      0x633
                0x00000000008001d0                PROVIDE (__bss_start, .)
 *(.bss)
 .bss           0x00000000008001d0        0x0 /usr/local/avr8-gnu-toolchain/bin/../lib/gcc/avr/7.3.0/../../../../avr/lib/avr51/crtatmega1284p.o
 .bss           0x00000000008001d0       0x56 main.o
                0x00000000008001d0                wysylanie_smsa_clipa
                0x00000000008001d1                wysylanie_echa_przez_pdu
                0x00000000008001d2                blokada_systemu
                0x00000000008001d3                opoznienie_wysylania_clipow_100MS
                0x00000000008001d5                licznik_reset_urzadzenia
                0x00000000008001d6                licznik_reset_modulu_SIM900
                0x00000000008001d7                modul_zalogowany_w_sieci
                0x00000000008001d8                licznik_wybudz_watki_10MS
                0x00000000008001d9                wykonac_watki
                0x00000000008001da                wykonac_watki_10MS
                0x00000000008001db                wykonaj_zdarzenie_timer
                0x00000000008001dc                stan_cyklu_blysku
                0x00000000008001dd                liczba_blyskow_led
                0x00000000008001de                g_czas_systemowy_100ms
                0x00000000008001e2                licznik_timeout_rozmowy_100ms
                0x00000000008001e4                skryba_wlaczona
                0x00000000008001e5                sms_pomijaj_aktualizacje_czasu
                0x00000000008001e6                sms_timestamp_sekunda
                0x00000000008001e7                sms_timestamp_minuta
                0x00000000008001e8                sms_timestamp_godzina
                0x00000000008001e9                watchdog_sms_safe_mode_100ms
                0x00000000008001eb                watchdog_sms_trwa_reset
                0x00000000008001ec                watchdog_sms_licznik_100ms
                0x00000000008001ee                watchdog_sms_aktywny
                0x00000000008001ef                blokada_clip
                0x00000000008001f0                max_oczekiwanie_na_odpowiedz_at
                0x00000000008001f1                licznik_bezpieczenstwa_opoznienie_wysylania_sms
                0x00000000008001f3                licznik_ogolny_blad_zalogowania
                0x00000000008001f5                licznik_blad_zalogowania_u_operatora
                0x00000000008001f6                licznik_blad_stanu_karty_SIM
                0x00000000008001f7                licznik_awaria_brak_zasiegu
                0x00000000008001f9                liczba_smsow_ech_do_wyslania
                0x00000000008001fa                ustaw_maksymalny_czas_dzwonienia
                0x00000000008001fb                maksymalny_czas_dzwonienia
                0x00000000008001fc                liczba_prob_wyslania_smsa
                0x00000000008001fd                flaga_wysylanie_smsa
                0x00000000008001fe                flaga_odczytywanie_smsa
                0x00000000008001ff                dlugosc_pdu
                0x0000000000800200                licznik_bezpieczenstwa_wykonywana_rozmowa
                0x0000000000800202                trwa_rozmowa_przychodzaca_od_uzytkownika
                0x0000000000800203                nastepne_wysylane_polecenie_SIM900
                0x0000000000800204                licznik_wysylane_polecenie_SIM900
                0x0000000000800206                aktualnie_wysylane_polecenie_SIM900
                0x0000000000800207                oproznij_bufor_SIM900_po_bledzie
                0x0000000000800208                opoznienie_SIM900_100MS
 .bss           0x0000000000800226        0x0 wewy.o
 .bss           0x0000000000800226        0x4 sim900.o
                0x0000000000800226                podlaczona_karta_SIM_SIM900
                0x0000000000800227                podlaczony_modul_gsm_SIM900
                0x0000000000800228                komenda_SIM900
                0x0000000000800229                sprawdzaj_wejscie_CTS_SIM900
 .bss           0x000000000080022a        0x5 poleceniagsm.o
                0x000000000080022a                numer_bledu_cms
                0x000000000080022c                numer_bledu_cme
                0x000000000080022e                bledny_PIN
 .bss           0x000000000080022f        0x0 pamiec_ram.o
 .bss           0x000000000080022f        0x0 interpretacjaSMS.o
 .bss           0x000000000080022f        0x1 komendy.o
                0x000000000080022f                blokada_sterowania_czasowa
 .bss           0x0000000000800230        0x0 konfiguracja.o
 .bss           0x0000000000800230        0x2 zapiseeprom.o
                0x0000000000800230                nr_zapisanego_znaku
                0x0000000000800231                liczba_znakow_do_zapisu
 .bss           0x0000000000800232        0x0 pdu.o
 .bss           0x0000000000800232        0x0 /usr/local/avr8-gnu-toolchain/bin/../lib/gcc/avr/7.3.0/avr51/libgcc.a(_divmodhi4.o)
 .bss           0x0000000000800232        0x0 /usr/local/avr8-gnu-toolchain/bin/../lib/gcc/avr/7.3.0/avr51/libgcc.a(_exit.o)
 .bss           0x0000000000800232        0x0 /usr/local/avr8-gnu-toolchain/bin/../lib/gcc/avr/7.3.0/avr51/libgcc.a(_tablejump2.o)
 .bss           0x0000000000800232        0x0 /usr/local/avr8-gnu-toolchain/bin/../lib/gcc/avr/7.3.0/avr51/libgcc.a(_copy_data.o)
 .bss           0x0000000000800232        0x0 /usr/local/avr8-gnu-toolchain/bin/../lib/gcc/avr/7.3.0/avr51/libgcc.a(_clear_bss.o)
 .bss           0x0000000000800232        0x0 /usr/local/avr8-gnu-toolchain/bin/../lib/gcc/avr/7.3.0/avr51/libgcc.a(_udivmodhi4.o)
 .bss           0x0000000000800232        0x0 /usr/local/avr8-gnu-toolchain/bin/../lib/gcc/avr/7.3.0/../../../../avr/lib/avr51/libc.a(strtol.o)
 .bss           0x0000000000800232        0x0 /usr/local/avr8-gnu-toolchain/bin/../lib/gcc/avr/7.3.0/../../../../avr/lib/avr51/libc.a(strtoul.o)
 .bss           0x0000000000800232        0x0 /usr/local/avr8-gnu-toolchain/bin/../lib/gcc/avr/7.3.0/../../../../avr/lib/avr51/libc.a(isspace.o)
 .bss           0x0000000000800232        0x0 /usr/local/avr8-gnu-toolchain/bin/../lib/gcc/avr/7.3.0/../../../../avr/lib/avr51/libc.a(toupper.o)
 .bss           0x0000000000800232        0x0 /usr/local/avr8-gnu-toolchain/bin/../lib/gcc/avr/7.3.0/../../../../avr/lib/avr51/libc.a(memcmp_P.o)
 .bss           0x0000000000800232        0x0 /usr/local/avr8-gnu-toolchain/bin/../lib/gcc/avr/7.3.0/../../../../avr/lib/avr51/libc.a(memcpy_P.o)
 .bss           0x0000000000800232        0x0 /usr/local/avr8-gnu-toolchain/bin/../lib/gcc/avr/7.3.0/../../../../avr/lib/avr51/libc.a(strcpy_P.o)
 .bss           0x0000000000800232        0x0 /usr/local/avr8-gnu-toolchain/bin/../lib/gcc/avr/7.3.0/../../../../avr/lib/avr51/libc.a(strncasecmp_P.o)
 .bss           0x0000000000800232        0x0 /usr/local/avr8-gnu-toolchain/bin/../lib/gcc/avr/7.3.0/../../../../avr/lib/avr51/libc.a(strncmp_P.o)
 .bss           0x0000000000800232        0x0 /usr/local/avr8-gnu-toolchain/bin/../lib/gcc/avr/7.3.0/../../../../avr/lib/avr51/libc.a(strstr_P.o)
 .bss           0x0000000000800232        0x0 /usr/local/avr8-gnu-toolchain/bin/../lib/gcc/avr/7.3.0/../../../../avr/lib/avr51/libc.a(memcmp.o)
 .bss           0x0000000000800232        0x0 /usr/local/avr8-gnu-toolchain/bin/../lib/gcc/avr/7.3.0/../../../../avr/lib/avr51/libc.a(memcpy.o)
 .bss           0x0000000000800232        0x0 /usr/local/avr8-gnu-toolchain/bin/../lib/gcc/avr/7.3.0/../../../../avr/lib/avr51/libc.a(memset.o)
 .bss           0x0000000000800232        0x0 /usr/local/avr8-gnu-toolchain/bin/../lib/gcc/avr/7.3.0/../../../../avr/lib/avr51/libc.a(strcat.o)
 .bss           0x0000000000800232        0x0 /usr/local/avr8-gnu-toolchain/bin/../lib/gcc/avr/7.3.0/../../../../avr/lib/avr51/libc.a(strchr.o)
 .bss           0x0000000000800232        0x0 /usr/local/avr8-gnu-toolchain/bin/../lib/gcc/avr/7.3.0/../../../../avr/lib/avr51/libc.a(strcpy.o)
 .bss           0x0000000000800232        0x0 /usr/local/avr8-gnu-toolchain/bin/../lib/gcc/avr/7.3.0/../../../../avr/lib/avr51/libc.a(utoa_ncheck.o)
 .bss           0x0000000000800232        0x0 /usr/local/avr8-gnu-toolchain/bin/../lib/gcc/avr/7.3.0/../../../../avr/lib/avr51/libc.a(sprintf.o)
 .bss           0x0000000000800232        0x0 /usr/local/avr8-gnu-toolchain/bin/../lib/gcc/avr/7.3.0/../../../../avr/lib/avr51/libc.a(vfprintf_std.o)
 .bss           0x0000000000800232        0x0 /usr/local/avr8-gnu-toolchain/bin/../lib/gcc/avr/7.3.0/../../../../avr/lib/avr51/libc.a(errno.o)
 .bss           0x0000000000800232        0x0 /usr/local/avr8-gnu-toolchain/bin/../lib/gcc/avr/7.3.0/../../../../avr/lib/avr51/libc.a(cty_isfalse.o)
 .bss           0x0000000000800232        0x0 /usr/local/avr8-gnu-toolchain/bin/../lib/gcc/avr/7.3.0/../../../../avr/lib/avr51/libc.a(strnlen_P.o)
 .bss           0x0000000000800232        0x0 /usr/local/avr8-gnu-toolchain/bin/../lib/gcc/avr/7.3.0/../../../../avr/lib/avr51/libc.a(strnlen.o)
 .bss           0x0000000000800232        0x0 /usr/local/avr8-gnu-toolchain/bin/../lib/gcc/avr/7.3.0/../../../../avr/lib/avr51/libc.a(strrev.o)
 .bss           0x0000000000800232        0x0 /usr/local/avr8-gnu-toolchain/bin/../lib/gcc/avr/7.3.0/../../../../avr/lib/avr51/libc.a(fputc.o)
 .bss           0x0000000000800232        0x0 /usr/local/avr8-gnu-toolchain/bin/../lib/gcc/avr/7.3.0/../../../../avr/lib/avr51/libc.a(ultoa_invert.o)
 .bss           0x0000000000800232        0x0 /usr/local/avr8-gnu-toolchain/bin/../lib/gcc/avr/7.3.0/../../../../avr/lib/avr51/libatmega1284p.a(eerd_block.o)
 .bss           0x0000000000800232        0x0 /usr/local/avr8-gnu-toolchain/bin/../lib/gcc/avr/7.3.0/../../../../avr/lib/avr51/libatmega1284p.a(eerd_byte.o)
 .bss           0x0000000000800232        0x0 /usr/local/avr8-gnu-toolchain/bin/../lib/gcc/avr/7.3.0/../../../../avr/lib/avr51/libatmega1284p.a(eeupd_block.o)
 .bss           0x0000000000800232        0x0 /usr/local/avr8-gnu-toolchain/bin/../lib/gcc/avr/7.3.0/../../../../avr/lib/avr51/libatmega1284p.a(eeupd_byte.o)
 .bss           0x0000000000800232        0x0 /usr/local/avr8-gnu-toolchain/bin/../lib/gcc/avr/7.3.0/avr51/libgcc.a(_mulsi3.o)
 .bss           0x0000000000800232        0x0 /usr/local/avr8-gnu-toolchain/bin/../lib/gcc/avr/7.3.0/avr51/libgcc.a(_udivmodsi4.o)
 .bss           0x0000000000800232        0x0 /usr/local/avr8-gnu-toolchain/bin/../lib/gcc/avr/7.3.0/avr51/libgcc.a(_muluhisi3.o)
 .bss           0x0000000000800232        0x0 /usr/local/avr8-gnu-toolchain/bin/../lib/gcc/avr/7.3.0/avr51/libgcc.a(_umulhisi3.o)
 *(.bss*)
 *(COMMON)
 COMMON         0x0000000000800232      0x158 main.o
                0x0000000000800232                stan_wyjscie
                0x0000000000800233                opoznienie_zatrzymaj_odpytywanie_urzadzenia
                0x0000000000800234                nie_wysylaj_echa_z_powodu_nietypowego_smsa
                0x0000000000800235                nazwa_operatora
                0x0000000000800240                numer_telefonu_wysylanego_smsa
                0x0000000000800261                bufor_pdu
                0x0000000000800329                numer_skopiowanego_telefonu_do_raportu_uzytkownikow_brama
                0x000000000080032a                numer_telefonu_odebranego_smsa
                0x000000000080033b                numer_telefonu_do_ktorego_dzwonic
                0x000000000080035c                licznik_oczekiwanie_na_potwierdzenie_wyslania_znakow
                0x000000000080035d                liczba_wykonanych_komend_identycznego_polecenia
                0x000000000080035e                licznik_100ms_dioda_led
                0x000000000080035f                kod_modulu
                0x0000000000800363                numer_telefonu_skryba
                0x0000000000800377                numer_telefonu_ktory_dzwoni
                0x0000000000800388                ptr_start_pdu_z_wiadomoscia
 COMMON         0x000000000080038a       0x18 wewy.o
                0x000000000080038a                licznik_wstrzymanie_alarmow_po_inicjalizacji_100ms
                0x000000000080038b                licznik_wejscie
                0x000000000080038c                czas_trwania_impulsu_off_na_wejsciu
                0x0000000000800390                czas_trwania_impulsu_off
                0x0000000000800394                stan_logiczny_na_wejsciu
                0x0000000000800395                licznik_przelacznik_wyjscia
                0x0000000000800399                czas_trwania_impulsu_na_wejsciu
                0x000000000080039d                czas_trwania_impulsu
                0x00000000008003a1                poprzedni_stan_logiczny_na_wejsciu
 COMMON         0x00000000008003a2      0x1ac sim900.o
                0x00000000008003a2                czy_jest_nowe_polecenie_SIM900
                0x00000000008003a3                flaga_odebrany_znak_zachety
                0x00000000008003a4                wykonywanie_rozmowy_telefonicznej
                0x00000000008003a5                poczatek_polecenia_SIM900
                0x00000000008003a7                odebrany_blok_SIM900
                0x0000000000800538                liczba_wysylanych_znakow_SIM900
                0x000000000080053a                zakonczenie_polecenia_SIM900
                0x000000000080053c                czekanie_na_odebranie_zachety
                0x000000000080053d                liczba_odebranych_znakow_SIM900
                0x000000000080053f                liczba_znakow_pdu_do_odebrania
                0x0000000000800541                nr_wyslanego_znaku_SIM900
                0x0000000000800543                polozenie_otrzymanych_komend_SIM900
                0x000000000080054d                licznik_opoznienie_oczekiwania_na_bajt_SIM900
 COMMON         0x000000000080054e        0xb poleceniagsm.o
                0x000000000080054e                zarejestrowane_komendy_od_SIM900
                0x0000000000800558                liczba_komend_w_kolejce_SIM900
 COMMON         0x0000000000800559      0x231 pamiec_ram.o
                0x0000000000800559                tekst_wysylanego_smsa
                0x00000000008005fa                wysylany_blok_SIM900
 COMMON         0x000000000080078a        0x1 interpretacjaSMS.o
                0x000000000080078a                nr_usunietego_uzytkownika_z_smsa
 COMMON         0x000000000080078b       0x3e komendy.o
                0x000000000080078b                komendy_kolejka
                0x00000000008007a9                bufor_ustaw_czas
 COMMON         0x00000000008007c9       0x38 zapiseeprom.o
                0x00000000008007c9                pozycja_w_eeprom
                0x00000000008007cb                bufor_pomoc_liczba_znakow_do_zapisu
                0x00000000008007cc                czy_zajety_bufor_eeprom
                0x00000000008007cd                bufor_eeprom
                0x00000000008007ff                bufor_pomoc_adres_eeprom
 COMMON         0x0000000000800801        0x2 /usr/local/avr8-gnu-toolchain/bin/../lib/gcc/avr/7.3.0/../../../../avr/lib/avr51/libc.a(errno.o)
                0x0000000000800801                errno
                0x0000000000800803                PROVIDE (__bss_end, .)
                0x00000000000063b0                __data_load_start = LOADADDR (.data)
                0x0000000000006480                __data_load_end = (__data_load_start + SIZEOF (.data))

.noinit         0x0000000000800803        0x0
                [!provide]                        PROVIDE (__noinit_start, .)
 *(.noinit*)
                [!provide]                        PROVIDE (__noinit_end, .)
                0x0000000000800803                _end = .
                [!provide]                        PROVIDE (__heap_start, .)

.eeprom         0x0000000000810000        0x0
 *(.eeprom*)
                0x0000000000810000                __eeprom_end = .

.fuse
 *(.fuse)
 *(.lfuse)
 *(.hfuse)
 *(.efuse)

.lock
 *(.lock*)

.signature
 *(.signature*)

.user_signatures
 *(.user_signatures*)

.stab
 *(.stab)

.stabstr
 *(.stabstr)

.stab.excl
 *(.stab.excl)

.stab.exclstr
 *(.stab.exclstr)

.stab.index
 *(.stab.index)

.stab.indexstr
 *(.stab.indexstr)

.comment        0x0000000000000000       0x5b
 *(.comment)
 .comment       0x0000000000000000       0x2f main.o
                                         0x30 (size before relaxing)
 .comment       0x000000000000002f       0x30 wewy.o
 .comment       0x000000000000002f       0x30 sim900.o
 .comment       0x000000000000002f       0x30 poleceniagsm.o
 .comment       0x000000000000002f       0x30 pamiec_ram.o
 .comment       0x000000000000002f       0x30 interpretacjaSMS.o
 .comment       0x000000000000002f       0x30 komendy.o
 .comment       0x000000000000002f       0x30 konfiguracja.o
 .comment       0x000000000000002f       0x30 zapiseeprom.o
 .comment       0x000000000000002f       0x30 pdu.o
 .comment       0x000000000000002f       0x2c /usr/local/avr8-gnu-toolchain/bin/../lib/gcc/avr/7.3.0/../../../../avr/lib/avr51/libc.a(strtol.o)
                                         0x2d (size before relaxing)
 .comment       0x000000000000005b       0x2d /usr/local/avr8-gnu-toolchain/bin/../lib/gcc/avr/7.3.0/../../../../avr/lib/avr51/libc.a(strtoul.o)
 .comment       0x000000000000005b       0x2d /usr/local/avr8-gnu-toolchain/bin/../lib/gcc/avr/7.3.0/../../../../avr/lib/avr51/libc.a(sprintf.o)
 .comment       0x000000000000005b       0x2d /usr/local/avr8-gnu-toolchain/bin/../lib/gcc/avr/7.3.0/../../../../avr/lib/avr51/libc.a(vfprintf_std.o)
 .comment       0x000000000000005b       0x2d /usr/local/avr8-gnu-toolchain/bin/../lib/gcc/avr/7.3.0/../../../../avr/lib/avr51/libc.a(errno.o)
 .comment       0x000000000000005b       0x2d /usr/local/avr8-gnu-toolchain/bin/../lib/gcc/avr/7.3.0/../../../../avr/lib/avr51/libc.a(fputc.o)

.note.gnu.avr.deviceinfo
                0x0000000000000000       0x40
 .note.gnu.avr.deviceinfo
                0x0000000000000000       0x40 /usr/local/avr8-gnu-toolchain/bin/../lib/gcc/avr/7.3.0/../../../../avr/lib/avr51/crtatmega1284p.o

.avr.prop       0x0000000000000000       0x2c
 .avr.prop      0x0000000000000000       0x16 main.o
 .avr.prop      0x0000000000000016       0x16 interpretacjaSMS.o

.note.gnu.build-id
 *(.note.gnu.build-id)

.debug
 *(.debug)

.line
 *(.line)

.debug_srcinfo
 *(.debug_srcinfo)

.debug_sfnames
 *(.debug_sfnames)

.debug_aranges  0x0000000000000000      0x140
 *(.debug_aranges)
 .debug_aranges
                0x0000000000000000       0x28 main.o
 .debug_aranges
                0x0000000000000028       0x20 wewy.o
 .debug_aranges
                0x0000000000000048       0x20 sim900.o
 .debug_aranges
                0x0000000000000068       0x20 poleceniagsm.o
 .debug_aranges
                0x0000000000000088       0x18 pamiec_ram.o
 .debug_aranges
                0x00000000000000a0       0x20 interpretacjaSMS.o
 .debug_aranges
                0x00000000000000c0       0x20 komendy.o
 .debug_aranges
                0x00000000000000e0       0x20 konfiguracja.o
 .debug_aranges
                0x0000000000000100       0x20 zapiseeprom.o
 .debug_aranges
                0x0000000000000120       0x20 pdu.o

.debug_pubnames
 *(.debug_pubnames)

.debug_info     0x0000000000000000     0xa116
 *(.debug_info .gnu.linkonce.wi.*)
 .debug_info    0x0000000000000000      0x792 /usr/local/avr8-gnu-toolchain/bin/../lib/gcc/avr/7.3.0/../../../../avr/lib/avr51/crtatmega1284p.o
 .debug_info    0x0000000000000792     0x50da main.o
 .debug_info    0x000000000000586c      0x40b wewy.o
 .debug_info    0x0000000000005c77      0x5da sim900.o
 .debug_info    0x0000000000006251      0xa40 poleceniagsm.o
 .debug_info    0x0000000000006c91       0xb6 pamiec_ram.o
 .debug_info    0x0000000000006d47     0x17af interpretacjaSMS.o
 .debug_info    0x00000000000084f6      0x8cd komendy.o
 .debug_info    0x0000000000008dc3      0x663 konfiguracja.o
 .debug_info    0x0000000000009426      0x538 zapiseeprom.o
 .debug_info    0x000000000000995e      0x7b8 pdu.o

.debug_abbrev   0x0000000000000000     0x1d23
 *(.debug_abbrev)
 .debug_abbrev  0x0000000000000000      0x729 /usr/local/avr8-gnu-toolchain/bin/../lib/gcc/avr/7.3.0/../../../../avr/lib/avr51/crtatmega1284p.o
 .debug_abbrev  0x0000000000000729      0x5f4 main.o
 .debug_abbrev  0x0000000000000d1d      0x1aa wewy.o
 .debug_abbrev  0x0000000000000ec7      0x1ac sim900.o
 .debug_abbrev  0x0000000000001073      0x211 poleceniagsm.o
 .debug_abbrev  0x0000000000001284       0x6c pamiec_ram.o
 .debug_abbrev  0x00000000000012f0      0x285 interpretacjaSMS.o
 .debug_abbrev  0x0000000000001575      0x128 komendy.o
 .debug_abbrev  0x000000000000169d      0x23e konfiguracja.o
 .debug_abbrev  0x00000000000018db      0x23d zapiseeprom.o
 .debug_abbrev  0x0000000000001b18      0x20b pdu.o

.debug_line     0x0000000000000000     0x4ca6
 *(.debug_line .debug_line.* .debug_line_end)
 .debug_line    0x0000000000000000       0x1a /usr/local/avr8-gnu-toolchain/bin/../lib/gcc/avr/7.3.0/../../../../avr/lib/avr51/crtatmega1284p.o
 .debug_line    0x000000000000001a     0x2d61 main.o
 .debug_line    0x0000000000002d7b      0x22e wewy.o
 .debug_line    0x0000000000002fa9      0x4a9 sim900.o
 .debug_line    0x0000000000003452      0x43c poleceniagsm.o
 .debug_line    0x000000000000388e       0x49 pamiec_ram.o
 .debug_line    0x00000000000038d7      0x7b4 interpretacjaSMS.o
 .debug_line    0x000000000000408b      0x174 komendy.o
 .debug_line    0x00000000000041ff      0x340 konfiguracja.o
 .debug_line    0x000000000000453f      0x29f zapiseeprom.o
 .debug_line    0x00000000000047de      0x4c8 pdu.o

.debug_frame    0x0000000000000000      0xcfc
 *(.debug_frame)
 .debug_frame   0x0000000000000000      0x508 main.o
 .debug_frame   0x0000000000000508       0x74 wewy.o
 .debug_frame   0x000000000000057c       0xd0 sim900.o
 .debug_frame   0x000000000000064c       0xc8 poleceniagsm.o
 .debug_frame   0x0000000000000714      0x238 interpretacjaSMS.o
 .debug_frame   0x000000000000094c       0x64 komendy.o
 .debug_frame   0x00000000000009b0      0x124 konfiguracja.o
 .debug_frame   0x0000000000000ad4       0xbc zapiseeprom.o
 .debug_frame   0x0000000000000b90      0x16c pdu.o

.debug_str      0x0000000000000000     0x4ca2
 *(.debug_str)
 .debug_str     0x0000000000000000      0x296 /usr/local/avr8-gnu-toolchain/bin/../lib/gcc/avr/7.3.0/../../../../avr/lib/avr51/crtatmega1284p.o
 .debug_str     0x0000000000000296     0x41fe main.o
                                       0x4384 (size before relaxing)
 .debug_str     0x0000000000004494      0x10f wewy.o
                                        0x42c (size before relaxing)
 .debug_str     0x00000000000045a3       0x76 sim900.o
                                        0x75e (size before relaxing)
 .debug_str     0x0000000000004619      0x16c poleceniagsm.o
                                        0x835 (size before relaxing)
 .debug_str     0x0000000000004785        0xd pamiec_ram.o
                                        0x15d (size before relaxing)
 .debug_str     0x0000000000004792      0x2a3 interpretacjaSMS.o
                                       0x2aca (size before relaxing)
 .debug_str     0x0000000000004a35        0xa komendy.o
                                       0x2544 (size before relaxing)
 .debug_str     0x0000000000004a3f       0x99 konfiguracja.o
                                        0x3a9 (size before relaxing)
 .debug_str     0x0000000000004ad8       0x63 zapiseeprom.o
                                        0x338 (size before relaxing)
 .debug_str     0x0000000000004b3b      0x167 pdu.o
                                        0x3e4 (size before relaxing)

.debug_loc      0x0000000000000000     0x5586
 *(.debug_loc)
 .debug_loc     0x0000000000000000     0x204e main.o
 .debug_loc     0x000000000000204e      0x114 wewy.o
 .debug_loc     0x0000000000002162      0x221 sim900.o
 .debug_loc     0x0000000000002383      0x457 poleceniagsm.o
 .debug_loc     0x00000000000027da      0xcd9 interpretacjaSMS.o
 .debug_loc     0x00000000000034b3      0x198 komendy.o
 .debug_loc     0x000000000000364b      0x885 konfiguracja.o
 .debug_loc     0x0000000000003ed0      0x509 zapiseeprom.o
 .debug_loc     0x00000000000043d9     0x11ad pdu.o

.debug_macinfo
 *(.debug_macinfo)

.debug_weaknames
 *(.debug_weaknames)

.debug_funcnames
 *(.debug_funcnames)

.debug_typenames
 *(.debug_typenames)

.debug_varnames
 *(.debug_varnames)

.debug_pubtypes
 *(.debug_pubtypes)

.debug_ranges   0x0000000000000000      0x5c8
 *(.debug_ranges)
 .debug_ranges  0x0000000000000000      0x368 main.o
 .debug_ranges  0x0000000000000368       0x18 wewy.o
 .debug_ranges  0x0000000000000380       0x58 poleceniagsm.o
 .debug_ranges  0x00000000000003d8       0xf0 interpretacjaSMS.o
 .debug_ranges  0x00000000000004c8       0x30 komendy.o
 .debug_ranges  0x00000000000004f8       0x20 konfiguracja.o
 .debug_ranges  0x0000000000000518       0x18 zapiseeprom.o
 .debug_ranges  0x0000000000000530       0x98 pdu.o

.debug_macro
 *(.debug_macro)
OUTPUT(AC800-DTM-HS.elf elf32-avr)
LOAD linker stubs

Cross Reference Table

Symbol                                            File
__DATA_REGION_LENGTH__                            /usr/local/avr8-gnu-toolchain/bin/../lib/gcc/avr/7.3.0/../../../../avr/lib/avr51/crtatmega1284p.o
__DATA_REGION_ORIGIN__                            /usr/local/avr8-gnu-toolchain/bin/../lib/gcc/avr/7.3.0/../../../../avr/lib/avr51/crtatmega1284p.o
__EEPROM_REGION_LENGTH__                          /usr/local/avr8-gnu-toolchain/bin/../lib/gcc/avr/7.3.0/../../../../avr/lib/avr51/crtatmega1284p.o
__FUSE_REGION_LENGTH__                            /usr/local/avr8-gnu-toolchain/bin/../lib/gcc/avr/7.3.0/../../../../avr/lib/avr51/crtatmega1284p.o
__TEXT_REGION_LENGTH__                            /usr/local/avr8-gnu-toolchain/bin/../lib/gcc/avr/7.3.0/../../../../avr/lib/avr51/crtatmega1284p.o
__bad_interrupt                                   /usr/local/avr8-gnu-toolchain/bin/../lib/gcc/avr/7.3.0/../../../../avr/lib/avr51/crtatmega1284p.o
__bss_end                                         /usr/local/avr8-gnu-toolchain/bin/../lib/gcc/avr/7.3.0/avr51/libgcc.a(_clear_bss.o)
__bss_start                                       /usr/local/avr8-gnu-toolchain/bin/../lib/gcc/avr/7.3.0/avr51/libgcc.a(_clear_bss.o)
__ctype_isfalse                                   /usr/local/avr8-gnu-toolchain/bin/../lib/gcc/avr/7.3.0/../../../../avr/lib/avr51/libc.a(cty_isfalse.o)
                                                  /usr/local/avr8-gnu-toolchain/bin/../lib/gcc/avr/7.3.0/../../../../avr/lib/avr51/libc.a(isspace.o)
__ctype_istrue                                    /usr/local/avr8-gnu-toolchain/bin/../lib/gcc/avr/7.3.0/../../../../avr/lib/avr51/libc.a(cty_isfalse.o)
__data_end                                        /usr/local/avr8-gnu-toolchain/bin/../lib/gcc/avr/7.3.0/avr51/libgcc.a(_copy_data.o)
__data_load_start                                 /usr/local/avr8-gnu-toolchain/bin/../lib/gcc/avr/7.3.0/avr51/libgcc.a(_copy_data.o)
__data_start                                      /usr/local/avr8-gnu-toolchain/bin/../lib/gcc/avr/7.3.0/avr51/libgcc.a(_copy_data.o)
__divmodhi4                                       /usr/local/avr8-gnu-toolchain/bin/../lib/gcc/avr/7.3.0/avr51/libgcc.a(_divmodhi4.o)
                                                  main.o
__do_clear_bss                                    /usr/local/avr8-gnu-toolchain/bin/../lib/gcc/avr/7.3.0/avr51/libgcc.a(_clear_bss.o)
                                                  /usr/local/avr8-gnu-toolchain/bin/../lib/gcc/avr/7.3.0/../../../../avr/lib/avr51/libc.a(errno.o)
                                                  zapiseeprom.o
                                                  komendy.o
                                                  interpretacjaSMS.o
                                                  pamiec_ram.o
                                                  poleceniagsm.o
                                                  sim900.o
                                                  wewy.o
                                                  main.o
__do_copy_data                                    /usr/local/avr8-gnu-toolchain/bin/../lib/gcc/avr/7.3.0/avr51/libgcc.a(_copy_data.o)
                                                  komendy.o
                                                  interpretacjaSMS.o
                                                  poleceniagsm.o
                                                  sim900.o
                                                  main.o
__heap_end                                        /usr/local/avr8-gnu-toolchain/bin/../lib/gcc/avr/7.3.0/../../../../avr/lib/avr51/crtatmega1284p.o
__init                                            /usr/local/avr8-gnu-toolchain/bin/../lib/gcc/avr/7.3.0/../../../../avr/lib/avr51/crtatmega1284p.o
__mulsi3                                          /usr/local/avr8-gnu-toolchain/bin/../lib/gcc/avr/7.3.0/avr51/libgcc.a(_mulsi3.o)
                                                  /usr/local/avr8-gnu-toolchain/bin/../lib/gcc/avr/7.3.0/../../../../avr/lib/avr51/libc.a(strtoul.o)
                                                  /usr/local/avr8-gnu-toolchain/bin/../lib/gcc/avr/7.3.0/../../../../avr/lib/avr51/libc.a(strtol.o)
__muluhisi3                                       /usr/local/avr8-gnu-toolchain/bin/../lib/gcc/avr/7.3.0/avr51/libgcc.a(_muluhisi3.o)
                                                  /usr/local/avr8-gnu-toolchain/bin/../lib/gcc/avr/7.3.0/avr51/libgcc.a(_mulsi3.o)
__stack                                           /usr/local/avr8-gnu-toolchain/bin/../lib/gcc/avr/7.3.0/../../../../avr/lib/avr51/crtatmega1284p.o
__tablejump2__                                    /usr/local/avr8-gnu-toolchain/bin/../lib/gcc/avr/7.3.0/avr51/libgcc.a(_tablejump2.o)
                                                  interpretacjaSMS.o
                                                  main.o
__udivmodhi4                                      /usr/local/avr8-gnu-toolchain/bin/../lib/gcc/avr/7.3.0/avr51/libgcc.a(_udivmodhi4.o)
                                                  /usr/local/avr8-gnu-toolchain/bin/../lib/gcc/avr/7.3.0/avr51/libgcc.a(_divmodhi4.o)
__udivmodsi4                                      /usr/local/avr8-gnu-toolchain/bin/../lib/gcc/avr/7.3.0/avr51/libgcc.a(_udivmodsi4.o)
                                                  /usr/local/avr8-gnu-toolchain/bin/../lib/gcc/avr/7.3.0/../../../../avr/lib/avr51/libc.a(strtoul.o)
                                                  /usr/local/avr8-gnu-toolchain/bin/../lib/gcc/avr/7.3.0/../../../../avr/lib/avr51/libc.a(strtol.o)
__ultoa_invert                                    /usr/local/avr8-gnu-toolchain/bin/../lib/gcc/avr/7.3.0/../../../../avr/lib/avr51/libc.a(ultoa_invert.o)
                                                  /usr/local/avr8-gnu-toolchain/bin/../lib/gcc/avr/7.3.0/../../../../avr/lib/avr51/libc.a(vfprintf_std.o)
__umulhisi3                                       /usr/local/avr8-gnu-toolchain/bin/../lib/gcc/avr/7.3.0/avr51/libgcc.a(_umulhisi3.o)
                                                  /usr/local/avr8-gnu-toolchain/bin/../lib/gcc/avr/7.3.0/avr51/libgcc.a(_muluhisi3.o)
__utoa_common                                     /usr/local/avr8-gnu-toolchain/bin/../lib/gcc/avr/7.3.0/../../../../avr/lib/avr51/libc.a(utoa_ncheck.o)
__utoa_ncheck                                     /usr/local/avr8-gnu-toolchain/bin/../lib/gcc/avr/7.3.0/../../../../avr/lib/avr51/libc.a(utoa_ncheck.o)
                                                  main.o
__vector_1                                        /usr/local/avr8-gnu-toolchain/bin/../lib/gcc/avr/7.3.0/../../../../avr/lib/avr51/crtatmega1284p.o
__vector_10                                       /usr/local/avr8-gnu-toolchain/bin/../lib/gcc/avr/7.3.0/../../../../avr/lib/avr51/crtatmega1284p.o
__vector_11                                       /usr/local/avr8-gnu-toolchain/bin/../lib/gcc/avr/7.3.0/../../../../avr/lib/avr51/crtatmega1284p.o
__vector_12                                       /usr/local/avr8-gnu-toolchain/bin/../lib/gcc/avr/7.3.0/../../../../avr/lib/avr51/crtatmega1284p.o
__vector_13                                       /usr/local/avr8-gnu-toolchain/bin/../lib/gcc/avr/7.3.0/../../../../avr/lib/avr51/crtatmega1284p.o
__vector_14                                       /usr/local/avr8-gnu-toolchain/bin/../lib/gcc/avr/7.3.0/../../../../avr/lib/avr51/crtatmega1284p.o
__vector_15                                       /usr/local/avr8-gnu-toolchain/bin/../lib/gcc/avr/7.3.0/../../../../avr/lib/avr51/crtatmega1284p.o
__vector_16                                       main.o
                                                  /usr/local/avr8-gnu-toolchain/bin/../lib/gcc/avr/7.3.0/../../../../avr/lib/avr51/crtatmega1284p.o
__vector_17                                       /usr/local/avr8-gnu-toolchain/bin/../lib/gcc/avr/7.3.0/../../../../avr/lib/avr51/crtatmega1284p.o
__vector_18                                       /usr/local/avr8-gnu-toolchain/bin/../lib/gcc/avr/7.3.0/../../../../avr/lib/avr51/crtatmega1284p.o
__vector_19                                       /usr/local/avr8-gnu-toolchain/bin/../lib/gcc/avr/7.3.0/../../../../avr/lib/avr51/crtatmega1284p.o
__vector_2                                        /usr/local/avr8-gnu-toolchain/bin/../lib/gcc/avr/7.3.0/../../../../avr/lib/avr51/crtatmega1284p.o
__vector_20                                       sim900.o
                                                  /usr/local/avr8-gnu-toolchain/bin/../lib/gcc/avr/7.3.0/../../../../avr/lib/avr51/crtatmega1284p.o
__vector_21                                       /usr/local/avr8-gnu-toolchain/bin/../lib/gcc/avr/7.3.0/../../../../avr/lib/avr51/crtatmega1284p.o
__vector_22                                       sim900.o
                                                  /usr/local/avr8-gnu-toolchain/bin/../lib/gcc/avr/7.3.0/../../../../avr/lib/avr51/crtatmega1284p.o
__vector_23                                       /usr/local/avr8-gnu-toolchain/bin/../lib/gcc/avr/7.3.0/../../../../avr/lib/avr51/crtatmega1284p.o
__vector_24                                       /usr/local/avr8-gnu-toolchain/bin/../lib/gcc/avr/7.3.0/../../../../avr/lib/avr51/crtatmega1284p.o
__vector_25                                       /usr/local/avr8-gnu-toolchain/bin/../lib/gcc/avr/7.3.0/../../../../avr/lib/avr51/crtatmega1284p.o
__vector_26                                       /usr/local/avr8-gnu-toolchain/bin/../lib/gcc/avr/7.3.0/../../../../avr/lib/avr51/crtatmega1284p.o
__vector_27                                       /usr/local/avr8-gnu-toolchain/bin/../lib/gcc/avr/7.3.0/../../../../avr/lib/avr51/crtatmega1284p.o
__vector_28                                       /usr/local/avr8-gnu-toolchain/bin/../lib/gcc/avr/7.3.0/../../../../avr/lib/avr51/crtatmega1284p.o
__vector_29                                       /usr/local/avr8-gnu-toolchain/bin/../lib/gcc/avr/7.3.0/../../../../avr/lib/avr51/crtatmega1284p.o
__vector_3                                        /usr/local/avr8-gnu-toolchain/bin/../lib/gcc/avr/7.3.0/../../../../avr/lib/avr51/crtatmega1284p.o
__vector_30                                       /usr/local/avr8-gnu-toolchain/bin/../lib/gcc/avr/7.3.0/../../../../avr/lib/avr51/crtatmega1284p.o
__vector_31                                       /usr/local/avr8-gnu-toolchain/bin/../lib/gcc/avr/7.3.0/../../../../avr/lib/avr51/crtatmega1284p.o
__vector_32                                       /usr/local/avr8-gnu-toolchain/bin/../lib/gcc/avr/7.3.0/../../../../avr/lib/avr51/crtatmega1284p.o
__vector_33                                       /usr/local/avr8-gnu-toolchain/bin/../lib/gcc/avr/7.3.0/../../../../avr/lib/avr51/crtatmega1284p.o
__vector_34                                       /usr/local/avr8-gnu-toolchain/bin/../lib/gcc/avr/7.3.0/../../../../avr/lib/avr51/crtatmega1284p.o
__vector_4                                        /usr/local/avr8-gnu-toolchain/bin/../lib/gcc/avr/7.3.0/../../../../avr/lib/avr51/crtatmega1284p.o
__vector_5                                        /usr/local/avr8-gnu-toolchain/bin/../lib/gcc/avr/7.3.0/../../../../avr/lib/avr51/crtatmega1284p.o
__vector_6                                        /usr/local/avr8-gnu-toolchain/bin/../lib/gcc/avr/7.3.0/../../../../avr/lib/avr51/crtatmega1284p.o
__vector_7                                        /usr/local/avr8-gnu-toolchain/bin/../lib/gcc/avr/7.3.0/../../../../avr/lib/avr51/crtatmega1284p.o
__vector_8                                        /usr/local/avr8-gnu-toolchain/bin/../lib/gcc/avr/7.3.0/../../../../avr/lib/avr51/crtatmega1284p.o
__vector_9                                        /usr/local/avr8-gnu-toolchain/bin/../lib/gcc/avr/7.3.0/../../../../avr/lib/avr51/crtatmega1284p.o
__vector_default                                  /usr/local/avr8-gnu-toolchain/bin/../lib/gcc/avr/7.3.0/../../../../avr/lib/avr51/crtatmega1284p.o
__vectors                                         /usr/local/avr8-gnu-toolchain/bin/../lib/gcc/avr/7.3.0/../../../../avr/lib/avr51/crtatmega1284p.o
_div                                              /usr/local/avr8-gnu-toolchain/bin/../lib/gcc/avr/7.3.0/avr51/libgcc.a(_divmodhi4.o)
_exit                                             /usr/local/avr8-gnu-toolchain/bin/../lib/gcc/avr/7.3.0/avr51/libgcc.a(_exit.o)
aktualizuj_stan_wyzwolenia_wejsc_100ms            wewy.o
                                                  main.o
aktualnie_wysylane_polecenie_SIM900               main.o
aktualny_stan_logiczny_na_wejsciu                 wewy.o
ascii_to_pdu_blok                                 pdu.o
                                                  main.o
bledny_PIN                                        poleceniagsm.o
                                                  main.o
blokada_clip                                      main.o
blokada_sterowania_czasowa                        komendy.o
                                                  interpretacjaSMS.o
                                                  main.o
blokada_systemu                                   main.o
                                                  interpretacjaSMS.o
bufor_eeprom                                      zapiseeprom.o
                                                  interpretacjaSMS.o
                                                  main.o
bufor_pdu                                         main.o
bufor_pomoc_adres_eeprom                          zapiseeprom.o
bufor_pomoc_liczba_znakow_do_zapisu               zapiseeprom.o
                                                  main.o
bufor_ustaw_czas                                  komendy.o
                                                  interpretacjaSMS.o
                                                  main.o
czas_start_h                                      komendy.o
                                                  interpretacjaSMS.o
                                                  main.o
czas_start_m                                      komendy.o
                                                  interpretacjaSMS.o
                                                  main.o
czas_stop_h                                       komendy.o
                                                  interpretacjaSMS.o
                                                  main.o
czas_stop_m                                       komendy.o
                                                  interpretacjaSMS.o
                                                  main.o
czas_trwania_impulsu                              wewy.o
czas_trwania_impulsu_na_wejsciu                   wewy.o
czas_trwania_impulsu_off                          wewy.o
czas_trwania_impulsu_off_na_wejsciu               wewy.o
czekanie_na_odebranie_zachety                     sim900.o
                                                  main.o
czy_jest_nowa_komenda_SIM900                      poleceniagsm.o
                                                  main.o
czy_jest_nowe_polecenie_SIM900                    sim900.o
                                                  poleceniagsm.o
                                                  main.o
czy_jest_znak                                     interpretacjaSMS.o
czy_sa_komendy_z_przedzialu                       komendy.o
                                                  main.o
czy_zajety_bufor_eeprom                           zapiseeprom.o
                                                  main.o
dlugosc_pdu                                       main.o
dodaj_komende                                     komendy.o
                                                  interpretacjaSMS.o
                                                  main.o
eeprom_read_3char                                 zapiseeprom.o
eeprom_read_block                                 /usr/local/avr8-gnu-toolchain/bin/../lib/gcc/avr/7.3.0/../../../../avr/lib/avr51/libatmega1284p.a(eerd_block.o)
                                                  konfiguracja.o
                                                  main.o
eeprom_read_blraw                                 /usr/local/avr8-gnu-toolchain/bin/../lib/gcc/avr/7.3.0/../../../../avr/lib/avr51/libatmega1284p.a(eerd_block.o)
eeprom_read_byte                                  /usr/local/avr8-gnu-toolchain/bin/../lib/gcc/avr/7.3.0/../../../../avr/lib/avr51/libatmega1284p.a(eerd_byte.o)
                                                  zapiseeprom.o
                                                  konfiguracja.o
                                                  interpretacjaSMS.o
                                                  main.o
eeprom_update_block                               /usr/local/avr8-gnu-toolchain/bin/../lib/gcc/avr/7.3.0/../../../../avr/lib/avr51/libatmega1284p.a(eeupd_block.o)
                                                  main.o
eeprom_update_byte                                /usr/local/avr8-gnu-toolchain/bin/../lib/gcc/avr/7.3.0/../../../../avr/lib/avr51/libatmega1284p.a(eeupd_byte.o)
                                                  main.o
eeprom_update_r18                                 /usr/local/avr8-gnu-toolchain/bin/../lib/gcc/avr/7.3.0/../../../../avr/lib/avr51/libatmega1284p.a(eeupd_byte.o)
                                                  /usr/local/avr8-gnu-toolchain/bin/../lib/gcc/avr/7.3.0/../../../../avr/lib/avr51/libatmega1284p.a(eeupd_block.o)
errno                                             /usr/local/avr8-gnu-toolchain/bin/../lib/gcc/avr/7.3.0/../../../../avr/lib/avr51/libc.a(errno.o)
                                                  /usr/local/avr8-gnu-toolchain/bin/../lib/gcc/avr/7.3.0/../../../../avr/lib/avr51/libc.a(strtoul.o)
                                                  /usr/local/avr8-gnu-toolchain/bin/../lib/gcc/avr/7.3.0/../../../../avr/lib/avr51/libc.a(strtol.o)
exit                                              /usr/local/avr8-gnu-toolchain/bin/../lib/gcc/avr/7.3.0/avr51/libgcc.a(_exit.o)
                                                  /usr/local/avr8-gnu-toolchain/bin/../lib/gcc/avr/7.3.0/../../../../avr/lib/avr51/crtatmega1284p.o
filtruj_i_dodaj_komende                           komendy.o
                                                  main.o
filtruj_komendy_z_przedzialu                      komendy.o
                                                  main.o
flaga_odczytywanie_smsa                           main.o
flaga_odebrany_znak_zachety                       sim900.o
                                                  main.o
flaga_wysylanie_smsa                              main.o
fputc                                             /usr/local/avr8-gnu-toolchain/bin/../lib/gcc/avr/7.3.0/../../../../avr/lib/avr51/libc.a(fputc.o)
                                                  /usr/local/avr8-gnu-toolchain/bin/../lib/gcc/avr/7.3.0/../../../../avr/lib/avr51/libc.a(vfprintf_std.o)
g_czas_systemowy_100ms                            main.o
generuj_raport_sieci                              main.o
generuj_raport_stanu_urzadzenia                   main.o
generuj_raport_uzytkownikow                       main.o
generuj_raport_uzytkownikow_1                     main.o
inicjalizacja_SIM900                              sim900.o
                                                  main.o
inicjalizuj_parametry_modulu                      main.o
inicjalizuj_parametry_we_wy                       wewy.o
interpretuj_instrukcje_sms                        interpretacjaSMS.o
interpretuj_wiadomosc_sms                         interpretacjaSMS.o
                                                  main.o
isspace                                           /usr/local/avr8-gnu-toolchain/bin/../lib/gcc/avr/7.3.0/../../../../avr/lib/avr51/libc.a(isspace.o)
                                                  /usr/local/avr8-gnu-toolchain/bin/../lib/gcc/avr/7.3.0/../../../../avr/lib/avr51/libc.a(strtoul.o)
                                                  /usr/local/avr8-gnu-toolchain/bin/../lib/gcc/avr/7.3.0/../../../../avr/lib/avr51/libc.a(strtol.o)
                                                  interpretacjaSMS.o
kod_modulu                                        main.o
                                                  interpretacjaSMS.o
komenda_SIM900                                    sim900.o
                                                  poleceniagsm.o
                                                  main.o
komendy_kolejka                                   komendy.o
                                                  main.o
konwersja_znaku_telefonu                          konfiguracja.o
                                                  interpretacjaSMS.o
konwersja_znaku_telefonu_eeprom                   konfiguracja.o
konwertuj_blok_dwa_znaki_na_znak_pdu              pdu.o
                                                  main.o
konwertuj_blok_eeprom_na_telefon                  konfiguracja.o
                                                  main.o
konwertuj_pdu_na_blok_wysylany                    pdu.o
                                                  main.o
konwertuj_telefon_na_blok_eeprom                  konfiguracja.o
                                                  main.o
kopiuj_blok_eeprom_na_telefon                     konfiguracja.o
                                                  main.o
kopiuj_parametry_we_wy_z_eeprom                   wewy.o
liczba_blyskow_led                                main.o
liczba_komend_w_kolejce_SIM900                    poleceniagsm.o
                                                  main.o
liczba_odebranych_znakow_SIM900                   sim900.o
                                                  main.o
liczba_prob_wyslania_smsa                         main.o
liczba_smsow_ech_do_wyslania                      main.o
liczba_wykonanych_komend_identycznego_polecenia   main.o
liczba_wysylanych_znakow_SIM900                   sim900.o
                                                  main.o
liczba_znakow_do_zapisu                           zapiseeprom.o
                                                  main.o
liczba_znakow_pdu_do_odebrania                    sim900.o
licznik_100ms_dioda_led                           main.o